---
source: tests/it/snapshot_screens.rs
assertion_line: 136
description: Sync → sync completed successfully
expression: output
---
                                   Alice Smith

 ○ Sync  [Enter]
  [Avatar: AS]
┌ [-] Ready to exchange? ──────────────────────────────────────────────────────┐
│                                                                              │
│  [#] Find someone nearby                                                     │
│      Share your contact card in person — private and secure.                 │
└──────────────────────────────────────────────────────────────────────────────┘
┌──────────────────────────────────────────────────────────────────────────────┐
│   • alice@company.com (Work)                                                 │
│   • +41 79 123 45 67 (Mobile)                                                │
│   • https://alice.example.com (Blog)                                         │
└──────────────────────────────────────────────────────────────────────────────┘








[Enter] Exchange Now  [a] Add Entry  [Enter] Group View  [Enter] Preview as...
  1 ★ My Card   │  2 Contacts   │  3 Exchange   │   4 Groups    │    5 More
