---
source: tests/it/snapshot_screens.rs
assertion_line: 774
description: ContactInfo → press Continue
expression: output
---
                                 [4/4]  ○ ○ ○ ●
                           What would you like to do?
                         This is what contacts will see




















[Enter] Start using the app  [Enter] Exchange cards
