---
source: tests/it/snapshot_screens.rs
description: Contacts → duplicates detected
expression: output
---
                               Duplicate Detection

 ○ Sync  [Enter]
4 potential duplicate(s) found

┌──────────────────────────────────────────────────────────────────────────────┐
│   • Andreanne Doyle <-> Andres Raynor  74% similar                           │
│   • Andreanne Doyle <-> Eduardo Reyes  72% similar                           │
│   • Andres Raynor <-> Eduardo Reyes  71% similar                             │
│   • Brady Koss <-> Eduardo Reyes  70% similar                                │
└──────────────────────────────────────────────────────────────────────────────┘











[?] help  [Esc] back  [q] quit
   1 My Card    │ 2 ★ Contacts  │  3 Exchange   │   4 Groups    │    5 More
