---
source: tests/it/snapshot_screens.rs
assertion_line: 457
description: Contacts → press Enter on contact
expression: output
---
                                Abigale Schroeder

┌ Perspective ─────────────────────────────────────────────────────────────────┐

┌ Abigale Schroeder ───────────────────────────────────────────────────────────┐
└──────────────────────────────────────────────────────────────────────────────┘
┌ Fields ──────────────────────────────────────────────────────────────────────┐
└──────────────────────────────────────────────────────────────────────────────┘
  Private note for this field:
┌ Fields ──────────────────────────────────────────────────────────────────────┐
└──────────────────────────────────────────────────────────────────────────────┘
  Private note for this field:

┌ Fields ──────────────────────────────────────────────────────────────────────┐
└──────────────────────────────────────────────────────────────────────────────┘
  Private note for this field:

  Private note:
┌ Trust & Permissions ─────────────────────────────────────────────────────────┐
└──────────────────────────────────────────────────────────────────────────────┘
┌ Recovery ────────────────────────────────────────────────────────────────────┐
└──────────────────────────────────────────────────────────────────────────────┘
[Space] select  [e] Edit  [Enter] Verify Fingerprint  [Enter] What do they see?
   1 My Card    │ 2 ★ Contacts  │  3 Exchange   │   4 Groups    │    5 More
