---
source: tests/it/snapshot_screens.rs
assertion_line: 359
description: Contacts → press Enter on contact
expression: output
---
                                Abigale Schroeder

 ○ Sync  [Enter]
┌ Perspective ─────────────────────────────────────────────────────────────────┐
  [Avatar: AS]
┌ Abigale Schroeder ───────────────────────────────────────────────────────────┐
┌ Contact fields ──────────────────────────────────────────────────────────────┐
└──────────────────────────────────────────────────────────────────────────────┘
  Private note for this field:   [Enter] Edit
┌ Contact fields ──────────────────────────────────────────────────────────────┐
└──────────────────────────────────────────────────────────────────────────────┘
  Private note for this field:   [Enter] Edit
┌ Contact fields ──────────────────────────────────────────────────────────────┐
└──────────────────────────────────────────────────────────────────────────────┘
  Private note for this field:   [Enter] Edit
  Private note:   [Enter] Edit
┌──────────────────────────────────────────────────────────────────────────────┐
└──────────────────────────────────────────────────────────────────────────────┘

┌ Trust & Permissions ─────────────────────────────────────────────────────────┐
└──────────────────────────────────────────────────────────────────────────────┘
┌ Recovery ────────────────────────────────────────────────────────────────────┐
[e] Edit  [Enter] Verify Fingerprint  [Enter] Hide contact  [d] Archive Contact
   1 My Card    │ 2 ★ Contacts  │  3 Exchange   │   4 Groups    │    5 More
