---
source: tests/it/snapshot_screens.rs
description: Settings → select Privacy & Data
expression: output
---
                                 Privacy & Data

 ○ Sync  [Enter]
┌ [S] Data Status ─────────────────────────────────────────────────────────────┐
│                                                                              │
│  Deletion Status                                                             │
│  No deletion requested                                                       │
│                                                                              │
│  Consent                                                                     │
│  Active                                                                      │
└──────────────────────────────────────────────────────────────────────────────┘
┌──────────────────────────────────────────────────────────────────────────────┐
│   [F] View My Data  See what data is stored locally                          │
│   [Y] Manage Consent  Review and update data consent                         │
└──────────────────────────────────────────────────────────────────────────────┘







[e] Export My Data  [x] Delete Identity  [!] Panic Shred  [?] help  [Esc] back
   1 My Card    │  2 Contacts   │  3 Exchange   │   4 Groups    │   5 ★ More
