---
source: tests/it/snapshot_workflows.rs
description: "Settings navigation: Settings → Privacy → Backup"
expression: output
---
═══ Step 1 ─ Settings — press '5' (More tab) → Settings ══
                                    Settings

 ○ Sync  [Enter]
┌ Profile ─────────────────────────────────────────────────────────────────────┐
┌ Privacy & Notifications ─────────────────────────────────────────────────────┐
┌ Appearance ──────────────────────────────────────────────────────────────────┐
  Theme: System ▼
  Language: System ▼
┌ Accessibility ───────────────────────────────────────────────────────────────┐
│   Reduce Motion  [ ]                                                         │
│   Large Touch Targets  [ ]                                                   │
└──────────────────────────────────────────────────────────────────────────────┘
┌ Security & Backup ───────────────────────────────────────────────────────────┐
│   Change Password  →                                                         │
└──────────────────────────────────────────────────────────────────────────────┘
┌ Help & About ────────────────────────────────────────────────────────────────┐
│   Help Center  →                                                             │
│   Support Development  →                                                     │
└──────────────────────────────────────────────────────────────────────────────┘
┌  ────────────────────────────────────────────────────────────────────────────┐
│   Advanced  →                                                                │
└──────────────────────────────────────────────────────────────────────────────┘
[?] help  [Esc] back  [q] quit
   1 My Card    │  2 Contacts   │  3 Exchange   │   4 Groups    │   5 ★ More

═══ Step 2 ─ Privacy — select Privacy & Data ═══════════════
                                 Privacy & Data

 ○ Sync  [Enter]
┌ [S] Data Status ─────────────────────────────────────────────────────────────┐
│                                                                              │
│  Deletion Status                                                             │
│  No deletion requested                                                       │
│                                                                              │
│  Consent                                                                     │
│  Active                                                                      │
└──────────────────────────────────────────────────────────────────────────────┘
┌──────────────────────────────────────────────────────────────────────────────┐
│   [F] View My Data  See what data is stored locally                          │
│   [Y] Manage Consent  Review and update data consent                         │
└──────────────────────────────────────────────────────────────────────────────┘







[e] Export My Data  [x] Delete Identity  [!] Panic Shred  [?] help  [Esc] back
   1 My Card    │  2 Contacts   │  3 Exchange   │   4 Groups    │   5 ★ More

═══ Step 3 ─ Settings — press Esc (back) ═══════════════════
                                    Settings

 ○ Sync  [Enter]
┌ Profile ─────────────────────────────────────────────────────────────────────┐
┌ Privacy & Notifications ─────────────────────────────────────────────────────┐
┌ Appearance ──────────────────────────────────────────────────────────────────┐
  Theme: System ▼
  Language: System ▼
┌ Accessibility ───────────────────────────────────────────────────────────────┐
│   Reduce Motion  [ ]                                                         │
│   Large Touch Targets  [ ]                                                   │
└──────────────────────────────────────────────────────────────────────────────┘
┌ Security & Backup ───────────────────────────────────────────────────────────┐
│   Change Password  →                                                         │
└──────────────────────────────────────────────────────────────────────────────┘
┌ Help & About ────────────────────────────────────────────────────────────────┐
│   Help Center  →                                                             │
│   Support Development  →                                                     │
└──────────────────────────────────────────────────────────────────────────────┘
┌  ────────────────────────────────────────────────────────────────────────────┐
│   Advanced  →                                                                │
└──────────────────────────────────────────────────────────────────────────────┘
[?] help  [Esc] back  [q] quit
   1 My Card    │  2 Contacts   │  3 Exchange   │   4 Groups    │   5 ★ More

═══ Step 4 ─ Backup — select Backup ════════════════════════
                                Backup & Recovery

 ○ Sync  [Enter]
┌ [B] Protect your data ───────────────────────────────────────────────────────┐
│                                                                              │
│  Backup                                                                      │
│  Create an encrypted backup of your identity, contacts, and labels.          │
└──────────────────────────────────────────────────────────────────────────────┘
┌ Backup level ────────────────────────────────────────────────────────────────┐
│ [x] Full backup (recommended)                                                │
└──────────────────────────────────────────────────────────────────────────────┘











[Enter] Create Backup  [Enter] Restore Backup  [?] help  [Esc] back  [q] quit
   1 My Card    │  2 Contacts   │  3 Exchange   │   4 Groups    │   5 ★ More

═══ Step 5 ─ Settings — press Esc (back) ═══════════════════
                                    Settings

 ○ Sync  [Enter]
┌ Profile ─────────────────────────────────────────────────────────────────────┐
┌ Privacy & Notifications ─────────────────────────────────────────────────────┐
┌ Appearance ──────────────────────────────────────────────────────────────────┐
  Theme: System ▼
  Language: System ▼
┌ Accessibility ───────────────────────────────────────────────────────────────┐
│   Reduce Motion  [ ]                                                         │
│   Large Touch Targets  [ ]                                                   │
└──────────────────────────────────────────────────────────────────────────────┘
┌ Security & Backup ───────────────────────────────────────────────────────────┐
│   Change Password  →                                                         │
└──────────────────────────────────────────────────────────────────────────────┘
┌ Help & About ────────────────────────────────────────────────────────────────┐
│   Help Center  →                                                             │
│   Support Development  →                                                     │
└──────────────────────────────────────────────────────────────────────────────┘
┌  ────────────────────────────────────────────────────────────────────────────┐
│   Advanced  →                                                                │
└──────────────────────────────────────────────────────────────────────────────┘
[?] help  [Esc] back  [q] quit
   1 My Card    │  2 Contacts   │  3 Exchange   │   4 Groups    │   5 ★ More
