---
source: tests/it/snapshot_screens.rs
assertion_line: 581
description: ContactDetail → press Enter on field
expression: output
---
                                Abigale Schroeder

┌ Perspective ─────────────────────────────────────────────────────────────────┐

┌ Abigale Schroeder ───────────────────────────────────────────────────────────┐
└──────────────────────────────────────────────────────────────────────────────┘
┌ Fields ──────────────────────────────────────────────────────────────────────┐
└──────────────────────────────────────────────────────────────────────────────┘
  Private note for this field:   ┌ Actions [Es┐
┌ Fields ────────────────────────│  Call      │────────────────────────────────┐
└────────────────────────────────│  Send SMS  │────────────────────────────────┘
  Private note for this field:   │  Copy      │
                                 └────────────┘
┌ Fields ──────────────────────────────────────────────────────────────────────┐
└──────────────────────────────────────────────────────────────────────────────┘
  Private note for this field:

  Private note:
┌ Trust & Permissions ─────────────────────────────────────────────────────────┐
└──────────────────────────────────────────────────────────────────────────────┘
┌ Recovery ────────────────────────────────────────────────────────────────────┐
└──────────────────────────────────────────────────────────────────────────────┘
[Space] select  [e] Edit  [Enter] Verify Fingerprint  [Enter] What do they see?
  1 ★ My Card   │  2 Contacts   │  3 Exchange   │   4 Groups    │    5 More
