---
source: tests/it/snapshot_screens.rs
description: ContactDetail → select Visibility
expression: output
---
                          Visibility: Abigale Schroeder

 ○ Sync  [Enter]
Toggle which fields are visible to this contact.

┌ Field Visibility ────────────────────────────────────────────────────────────┐
│ [x] Mobile                                                                   │
│ [x] Email                                                                    │
│ [x] Address                                                                  │
└──────────────────────────────────────────────────────────────────────────────┘












[Enter] Save  [Esc] Back  [?] help  [q] quit
   1 My Card    │ 2 ★ Contacts  │  3 Exchange   │   4 Groups    │    5 More
