---
source: tests/it/snapshot_screens.rs
description: Sync → sync completed successfully
expression: output
---
                                      Sync

 ○ Sync  [Enter]
┌──────────────────────────────────────────────────────────────────────────────┐
│ ✗ Relay: Offline — Changes will sync automatically when connected. Check your│
└──────────────────────────────────────────────────────────────────────────────┘
┌ [-] Details ─────────────────────────────────────────────────────────────────┐
│                                                                              │
│  [-] Relay                                                                   │
│      https://relay.vauchi.app                                                │
│                                                                              │
│  [-] Contacts                                                                │
│      0                                                                       │
│                                                                              │
│  [-] Pending Updates                                                         │
└──────────────────────────────────────────────────────────────────────────────┘






[Enter] Retry Connection  [?] help  [Esc] back  [q] quit
   1 My Card    │  2 Contacts   │  3 Exchange   │   4 Groups    │   5 ★ More
