---
source: tests/it/snapshot_screens.rs
assertion_line: 761
description: GroupsSetup → press Skip
expression: output
---
                                 [3/4]  ○ ○ ● ○
                                Add contact info
                       Optional — you can add more later.




















[Enter] Add phone number  [Enter] Add email address  [Enter] Add social profile
