---
source: tests/it/snapshot_screens.rs
assertion_line: 515
description: Settings → select Support
expression: output
---
                                 Support Vauchi

┌ [-] Support the Project ─────────────────────────────────────────────────────┐
│                                                                              │
│  [-] GitHub Sponsors                                                         │
│      https://github.com/sponsors/vauchi                                      │
│                                                                              │
│  [-] Liberapay                                                               │
│      https://liberapay.com/vauchi                                            │
└──────────────────────────────────────────────────────────────────────────────┘












[Enter] GitHub Sponsors  [Enter] Liberapay  [?] help  [Esc] back  [q] quit
   1 My Card    │  2 Contacts   │  3 Exchange   │   4 Groups    │   5 ★ More
