---
source: tests/it/snapshot_screens.rs
assertion_line: 701
description: "IdentityCheck → press 'Create New'"
expression: output
---
                                 [1/4]  ● ○ ○ ○
                                What's your name?
                           How you appear to contacts

Enter the name you'd like to show on your contact card.

Display name
┌ ⌨ type here ─────────────────────────────────────────────────────────────────┐
│Enter your name                                                               │
└──────────────────────────────────────────────────────────────────────────────┘













[?] help  [Esc] back  [q] quit
