---
source: tests/it/snapshot_screens.rs
assertion_line: 385
description: "ContactDetail → press 'e' (Edit)"
expression: output
---
                                  [1/3]  ● ○ ○
                                  Edit Contact

 ○ Sync  [Enter]
Display Name
┌──────────────────────────────────────────────────────────────────────────────┐
│Abigale Schroeder                                                             │
└──────────────────────────────────────────────────────────────────────────────┘

────────────────────────────────────────────────────────────────────────────────
┌ Contact fields ──────────────────────────────────────────────────────────────┐
│Type       Label           Value                            Visibility        │
│                                                                              │
│Phone      Mobile          +1-200-100-1000                  Shown             │
│Email      Email           abigale.schroeder@example.com    Shown             │
│Address    Address         100 Main St, Springfield         Shown             │
└──────────────────────────────────────────────────────────────────────────────┘





[Enter] Continue  [Esc] Back  [?] help  [q] quit
   1 My Card    │ 2 ★ Contacts  │  3 Exchange   │   4 Groups    │    5 More
