---
source: tests/it/snapshot_screens.rs
description: Settings → select Privacy & Data
expression: output
---
                                 Privacy & Data

 ○ Sync  [Enter]
┌ [-] Data Status ─────────────────────────────────────────────────────────────┐
│                                                                              │
│  Deletion Status                                                             │
│  No deletion requested                                                       │
│                                                                              │
│  Consent                                                                     │
│  Active                                                                      │
└──────────────────────────────────────────────────────────────────────────────┘
┌──────────────────────────────────────────────────────────────────────────────┐
│   • View My Data  See what data is stored locally                            │
│   • Manage Consent  Review and update data consent                           │
└──────────────────────────────────────────────────────────────────────────────┘







[e] Export Data  [x] Delete Identity  [!] Panic Shred  [?] help  [Esc] back
   1 My Card    │  2 Contacts   │  3 Exchange   │   4 Groups    │   5 ★ More
