---
source: tests/it/snapshot_screens.rs
description: MyInfo → press Enter on entry
expression: output
---
                                      Work
                                      Email

 ○ Sync  [Enter]
alice@company.com (Work)

────────────────────────────────────────────────────────────────────────────────
┌ Who can see this entry ──────────────────────────────────────────────────────┐
│ [ ] Visible to all contacts                                                  │
└──────────────────────────────────────────────────────────────────────────────┘
────────────────────────────────────────────────────────────────────────────────
No contacts can see this entry.










[e] Edit  [x] Delete  [?] help  [Esc] back  [q] quit
  1 ★ My Card   │  2 Contacts   │  3 Exchange   │   4 Groups    │    5 More
