---
source: tests/it/snapshot_screens.rs
description: SetupWelcome → press Enter (Get Started)
expression: output
---
                                 [1/4]  ● ○ ○ ○
                                What's your name?
                       This is how contacts will see you.

Enter the name you'd like to show on your contact card.

Display name
┌ ⌨ type here ─────────────────────────────────────────────────────────────────┐
│Enter your name                                                               │
└──────────────────────────────────────────────────────────────────────────────┘













[?] help  [Esc] back  [q] quit
