---
source: tests/it/snapshot_screens.rs
description: "MyInfo → press '3' (Exchange tab)"
expression: output
---
                                  Exchange Mode
                      Choose how to exchange contact cards

 ○ Sync  [Enter]
┌──────────────────────────────────────────────────────────────────────────────┐
│   • Glance  Requires camera                                                  │
│   • Bump  Requires BLE, accelerometer                                        │
└──────────────────────────────────────────────────────────────────────────────┘
┌──────────────────────────────────────────────────────────────────────────────┐
│   • Hover  Requires camera, microphone, speaker                              │
│   • Shake  Requires BLE, accelerometer                                       │
│   • Magic  Requires BLE, microphone, speaker                                 │
│   • Cable  Requires USB port                                                 │
└──────────────────────────────────────────────────────────────────────────────┘
┌──────────────────────────────────────────────────────────────────────────────┐
│   • Tap tap  Requires NFC                                                    │
│   • Tap hover shake  Requires BLE, NFC, microphone, speaker, accelerometer   │
└──────────────────────────────────────────────────────────────────────────────┘
┌──────────────────────────────────────────────────────────────────────────────┐
│   • Link  Requires internet                                                  │
└──────────────────────────────────────────────────────────────────────────────┘

[?] help  [Esc] back  [q] quit
   1 My Card    │  2 Contacts   │ 3 ★ Exchange  │   4 Groups    │    5 More
