---
source: tests/it/snapshot_screens.rs
description: ContactDetail → press Enter on field
expression: output
---
                                Abigale Schroeder

 ○ Sync  [Enter]
┌ Perspective ─────────────────────────────────────────────────────────────────┐
  [Avatar: AS]
┌ Abigale Schroeder ───────────────────────────────────────────────────────────┐
┌ Fields ──────────────────────────────────────────────────────────────────────┐
└──────────────────────────────────────────────────────────────────────────────┘
  Private note for this field:   ┌ Actions [Es┐
┌ Fields ────────────────────────│  Call      │────────────────────────────────┐
└────────────────────────────────│  Send SMS  │────────────────────────────────┘
  Private note for this field:   │  Copy      │
┌ Fields ────────────────────────└────────────┘────────────────────────────────┐
└──────────────────────────────────────────────────────────────────────────────┘
  Private note for this field:
  Private note:
┌──────────────────────────────────────────────────────────────────────────────┐
└──────────────────────────────────────────────────────────────────────────────┘

┌ Trust & Permissions ─────────────────────────────────────────────────────────┐
└──────────────────────────────────────────────────────────────────────────────┘
┌ Recovery ────────────────────────────────────────────────────────────────────┐
[e] Edit  [Enter] Verify Fingerprint  [Enter] Hide contact  [d] Archive Contact
   1 My Card    │ 2 ★ Contacts  │  3 Exchange   │   4 Groups    │    5 More
