---
source: tests/it/snapshot_screens.rs
assertion_line: 99
description: "MyInfo → press '5' (More tab) → Help"
expression: output
---
                                   Help & FAQ

Search
┌ ✎ editing ───────────────────────────────────────────────────────────────────┐
│█                                                                             │
└──────────────────────────────────────────────────────────────────────────────┘

┌──────────────────────────────────────────────────────────────────────────────┐
│   • How do I add a contact?                                                  │
│   • How do I create a backup?                                                │
│   • How do I exchange contact cards?                                         │
└──────────────────────────────────────────────────────────────────────────────┘
┌──────────────────────────────────────────────────────────────────────────────┐
│   • What is end-to-end encryption?                                           │
│   • How does social recovery work?                                           │
└──────────────────────────────────────────────────────────────────────────────┘
┌──────────────────────────────────────────────────────────────────────────────┐
│   • How is my IP address protected?                                          │
└──────────────────────────────────────────────────────────────────────────────┘
┌──────────────────────────────────────────────────────────────────────────────┐
│   • Report a Bug                                                             │
└──────────────────────────────────────────────────────────────────────────────┘
[?] help  [Esc] back  [q] quit
   1 My Card    │  2 Contacts   │  3 Exchange   │   4 Groups    │   5 ★ More
