---
source: tests/it/snapshot_workflows.rs
description: "Exchange happy path: MyInfo → Exchange QR → Contacts"
expression: output
---
═══ Step 1 ─ MyInfo — home screen ══════════════════════════
                                   Alice Smith

 ○ Sync  [Enter]
  [Avatar: AS]
┌ [-] Ready to exchange? ──────────────────────────────────────────────────────┐
│                                                                              │
│  [#] Find someone nearby                                                     │
│      Share your contact card in person — private and secure.                 │
└──────────────────────────────────────────────────────────────────────────────┘
┌──────────────────────────────────────────────────────────────────────────────┐
│   • alice@company.com (Work)                                                 │
│   • +41 79 123 45 67 (Mobile)                                                │
│   • https://alice.example.com (Blog)                                         │
└──────────────────────────────────────────────────────────────────────────────┘








[Enter] Exchange Now  [a] Add Entry  [Enter] Group View  [Enter] Preview as...
  1 ★ My Card   │  2 Contacts   │  3 Exchange   │   4 Groups    │    5 More

═══ Step 2 ─ Exchange — press '3' (Exchange tab) ═══════════
                                  Exchange Mode
                      Choose how to exchange contact cards

 ○ Sync  [Enter]
┌──────────────────────────────────────────────────────────────────────────────┐
│   • Link  Requires internet                                                  │
└──────────────────────────────────────────────────────────────────────────────┘
┌──────────────────────────────────────────────────────────────────────────────┐
│   • Glance  Requires BLE, camera                                             │
│   • Bump  Requires BLE, accelerometer                                        │
└──────────────────────────────────────────────────────────────────────────────┘
┌──────────────────────────────────────────────────────────────────────────────┐
│   • Hover  Requires camera, microphone, speaker                              │
│   • Shake  Requires BLE, accelerometer                                       │
│   • Magic  Requires BLE, microphone, speaker                                 │
│   • Cable  Requires USB port                                                 │
└──────────────────────────────────────────────────────────────────────────────┘
┌──────────────────────────────────────────────────────────────────────────────┐
│   • Tap tap  Requires NFC                                                    │
│   • Tap hover shake  Requires BLE, NFC, microphone, speaker, accelerometer   │
└──────────────────────────────────────────────────────────────────────────────┘

[?] help  [Esc] back  [q] quit
   1 My Card    │  2 Contacts   │ 3 ★ Exchange  │   4 Groups    │    5 More

═══ Step 3 ─ Contacts — press '2' (view exchanged contacts) 
                                    Contacts

 ○ Sync  [Enter]
┌ [#] No contacts yet ─────────────────────────────────────────────────────────┐
│                                                                              │
│  [-] Exchange cards in person                                                │
│      Meet someone nearby and share your contact card securely.               │
└──────────────────────────────────────────────────────────────────────────────┘














[Enter] Exchange Now  [a] Add Contact  [Enter] Archived Contacts
   1 My Card    │ 2 ★ Contacts  │  3 Exchange   │   4 Groups    │    5 More
