---
source: tests/it/snapshot_screens.rs
description: "MyInfo → press 'a' (Add Entry)"
expression: output
---
                                Add to your card
                                  Select a type

 ○ Sync  [Enter]
┌──────────────────────────────────────────────────────────────────────────────┐
│   • Phone                                                                    │
│   • Email                                                                    │
│   • Website                                                                  │
│   • Bandcamp                                                                 │
│   • Behance                                                                  │
│   • Bitbucket                                                                │
│   • Bluesky                                                                  │
└──────────────────────────────────────────────────────────────────────────────┘









[EDIT]   [Esc] Cancel  [?] help  [Esc] back  [q] quit
  1 ★ My Card   │  2 Contacts   │  3 Exchange   │   4 Groups    │    5 More
