---
source: tests/it/snapshot_screens.rs
assertion_line: 258
description: "MyInfo → press '3' (Exchange tab)"
expression: output
---
                                  Exchange Mode
                      Choose how to exchange contact cards

 ○ Sync  [Enter]
┌──────────────────────────────────────────────────────────────────────────────┐
│   • Link  Requires internet                                                  │
└──────────────────────────────────────────────────────────────────────────────┘
┌──────────────────────────────────────────────────────────────────────────────┐
│   • Other ways to connect                                                    │
└──────────────────────────────────────────────────────────────────────────────┘












[?] help  [Esc] back  [q] quit
   1 My Card    │  2 Contacts   │ 3 ★ Exchange  │   4 Groups    │    5 More
