---
source: tests/it/snapshot_screens.rs
assertion_line: 76
description: "MyInfo → press '5' (More tab) → Settings"
expression: output
---
                                    Settings

 ○ Sync  [Enter]
┌ Profile ─────────────────────────────────────────────────────────────────────┐
┌ Privacy & Notifications ─────────────────────────────────────────────────────┐
┌ Appearance ──────────────────────────────────────────────────────────────────┐
  Theme: System ▼
  Language: System ▼
┌ Accessibility ───────────────────────────────────────────────────────────────┐
│   Reduce Motion  [ ]                                                         │
│   Large Touch Targets  [ ]                                                   │
└──────────────────────────────────────────────────────────────────────────────┘
┌ Security & Backup ───────────────────────────────────────────────────────────┐
│   Change Password  →                                                         │
└──────────────────────────────────────────────────────────────────────────────┘
┌ Help & About ────────────────────────────────────────────────────────────────┐
│   Help Center  →                                                             │
│   Support Development  →                                                     │
└──────────────────────────────────────────────────────────────────────────────┘
┌  ────────────────────────────────────────────────────────────────────────────┐
│   Advanced  →                                                                │
└──────────────────────────────────────────────────────────────────────────────┘
[?] help  [Esc] back  [q] quit
   1 My Card    │  2 Contacts   │  3 Exchange   │   4 Groups    │   5 ★ More
