---
source: tests/it/snapshot_screens.rs
assertion_line: 538
description: Settings → select Delivery
expression: output
---
                                 Delivery Status

┌ [-] All Delivered ───────────────────────────────────────────────────────────┐
└──────────────────────────────────────────────────────────────────────────────┘


















[?] help  [Esc] back  [q] quit
   1 My Card    │  2 Contacts   │  3 Exchange   │   4 Groups    │   5 ★ More
