---
source: tests/it/snapshot_screens.rs
description: GroupsSetup → press Skip
expression: output
---
                                 [3/4]  ○ ○ ● ○
                                Add contact info
Add phone, email, social profiles, and more to your card. You can always add or

┌ Fields ──────────────────────────────────────────────────────────────────────┐
│  No fields added yet.                                                        │
│                                                                              │
└──────────────────────────────────────────────────────────────────────────────┘















[Space] toggle  [Enter] Add Entry  [Enter] Continue  [s] Skip  [?] help
