---
Add Entry
from: 2. MyInfo [Action: Add Info]
---
                                 Add Entry to MyInfo

┌ Select a type ───────────────────────────────────────────────────────────────┐
│ ▸ Phone                                                                    │↕│
│   Email                                                                    │ │
│   Website                                                                  │ │
│   Birthday                                                                 │ │
│   Time+Location                                                            │ │
│   Facebook                                                                 │ │
│   Insta                                                                    │ │
│   TikTok                                                                   │ │
└──────────────────────────────────────────────────────────────────────────────┘

Value
┌ editing ─────────────────────────────────────────────────────────────────────┐
│█                                                                             │
└──────────────────────────────────────────────────────────────────────────────┘

┌ Groups Visibility ───────────────────────────────────────────────────────────┐
│ [ ] Family                                                                   │
│ [ ] Friends                                                                  │
│ [ ] Co-workers                                                               │
└──────────────────────────────────────────────────────────────────────────────┘

                     [Enter] Save  [Esc] Cancel  [?] help
  1 Exchange  │ 2 ★ MyInfo │  3 Contacts │  4 Groups │  5 Settings │  [q] Quit
