---
source: tests/snapshot_tests.rs
expression: output
---
                                Backup & Recovery

┌ Protect your data ───────────────────────────────────────────────────────────┐
│                                                                              │
│  Backup                                                                      │
│  Create an encrypted backup of your identity and contacts.                   │
└──────────────────────────────────────────────────────────────────────────────┘




         [c] Create Backup  [r] Restore Backup  [Esc] Back  [?] help
  1 Exchange  │  2 MyInfo  │  3 Contacts │  4 Groups │ 5 ★ Settings │  [q] Quit
