---
source: tests/snapshot_tests.rs
expression: output
---
                          Groups: Abigale Schroeder

┌ Group Membership ────────────────────────────────────────────────────────────┐
│ [x] Family                                                                   │
│ [x] Friends                                                                  │
│ [ ] Co-workers                                                               │
└──────────────────────────────────────────────────────────────────────────────┘

┌─── Seen Entry ───────────────────────────────────────Seen by Groups ─────────┐
│   Email alice@company.com (Work)                     Family                  │
│   Phone +41 79 123 45 67 (Mobile)                    Friends, Family         │
└──────────────────────────────────────────────────────────────────────────────┘



             [Space] Toggle  [Enter] Save  [Esc] Cancel  [?] help
    1 Exchange  │  2 MyInfo  │ 3 ★ Contacts │  4 Settings │   5 Help  │  [q] Quit
