---
source: tests/snapshot_tests.rs
expression: output
---
                                  Link Device

┌──────────────────────────────────────────────────────────────────────────────┐
│                              [1/4]  ● ○ ○ ○                                  │
│                                                                              │
│                                                                              │
│         QR Code                                       Camera Preview         │
│    ┌──────────────┐                                  ┌──────────────┐        │
│    │  ▄▄▄▄  ▄▄▄   │                                  │              │        │
│    │  █ █ █  █  █ │                                  │ [Contact's   │        │
│    │  ▀▀▀▀  ▀▀    │                                  │    QR Code ] │        │
│    │  █ ▀ ▀  ▀▀ █ │                                  │              │        │
│    │  ▀▀ ▀  ▀ ▀ ▀ │                                  │              │        │
│    └──────────────┘                                  └──────────────┘        │
│                                                                              │
│                                                                              │
│  [PUBLIC_ID]...                                                              │
│  Scan on new device                                                          │
│                                                                              │
│                                                                              │
│                                                                              │
│                                                                              │
│                                                                              │
│                                                                              │
│                                                                              │
└──────────────────────────────────────────────────────────────────────────────┘

                            [Esc] Cancel  [?] help
    1 Exchange  │  2 MyInfo  │  3 Contacts │ 4 ★ Settings │   5 Help  │  [q] Quit
