---
source: tests/snapshot_tests.rs
expression: output
---
                                   Edit Field

Editing: Mobile

Display Name
┌ editing ─────────────────────────────────────────────────────────────────────┐
│Mobile█                                                                       │
└──────────────────────────────────────────────────────────────────────────────┘

Value
┌ editing ─────────────────────────────────────────────────────────────────────┐
│+41 79 123 45 67█                                                             │
└──────────────────────────────────────────────────────────────────────────────┘

Comment (your eyes only, optional)
┌ editing ─────────────────────────────────────────────────────────────────────┐
│█                                                                             │
└──────────────────────────────────────────────────────────────────────────────┘

┌ Groups Visibility ───────────────────────────────────────────────────────────┐
│ [x] Family                                                                   │
│ [ ] Friends                                                                  │
│ [ ] Co-workers                                                               │
└──────────────────────────────────────────────────────────────────────────────┘

                     [Enter] Save  [Esc] Cancel  [?] help
  1 Exchange  │ 2 ★ MyInfo │  3 Contacts │  4 Settings │   5 Help  │  [q] Quit
