---
source: tests/snapshot_tests.rs
expression: output
---
                                Edit Display Name

Display Name
┌ editing ─────────────────────────────────────────────────────────────────────┐
│Alice Smith█                                                                  │
└──────────────────────────────────────────────────────────────────────────────┘

┌ Default for Groups ──────────────────────────────────────────────────────────┐
│ [ ] Family                                                    Alice S.       │
│ [ ] Friends                                                   Alice Smith    │
│ [x] Co-workers                                                Alice Smith    │
└──────────────────────────────────────────────────────────────────────────────┘




                     [Enter] Save  [Esc] Cancel  [?] help
    1 Exchange  │ 2 ★ MyInfo │  3 Contacts │  4 Settings │   5 Help  │  [q] Quit
