---
source: tests/snapshot_tests.rs
description: "Exchange — error state after failed exchange"
expression: output
---
                                 Exchange Failed

┌──────────────────────────────────────────────────────────────────────────────┐
│                                                                              │
│  Couldn't complete the exchange. Move closer and try again.                  │
│                                                                              │
└──────────────────────────────────────────────────────────────────────────────┘



                    [Enter] Retry  [Esc] Cancel  [?] help
  1 ★ Exchange │  2 MyInfo  │  3 Contacts │  4 Settings │   5 Help  │  [q] Quit
