---
source: tests/snapshot_tests.rs
description: "Exchange — invalid QR code scanned"
expression: output
---
                                  Invalid Code

┌──────────────────────────────────────────────────────────────────────────────┐
│                                                                              │
│  Not a vauchi contact card.                                                  │
│  Ask the other person to open vauchi and show their code.                    │
│                                                                              │
└──────────────────────────────────────────────────────────────────────────────┘



                  [Enter] Try Again  [Esc] Cancel  [?] help
  1 ★ Exchange │  2 MyInfo  │  3 Contacts │  4 Settings │   5 Help  │  [q] Quit
