---
source: tests/snapshot_tests.rs
description: "Groups screen — merge two groups"
expression: output
---
                                  Merge Groups

Merge "Friends" into:

┌ Select Target Group ─────────────────────────────────────────────────────────┐
│ ▸ Family                                                                     │
│   Work                                                                       │
└──────────────────────────────────────────────────────────────────────────────┘

Preview:
  Friends (4 members) + Family (3 members) → Family (6 unique members)
  Visibility rules: union (more permissive)



                [Enter] Confirm Merge  [Esc] Cancel  [?] help
  1 Exchange  │  2 MyInfo  │  3 Contacts │ 4 ★ Groups │  5 Settings │  [q] Quit
