---
source: tests/snapshot_tests.rs
expression: output
---
                                     Group

┌ Group Info ──────────────────────────────────────────────────────────────────┐
│                                                                              │
│  Members                                                                     │
│  0                                                                           │
└──────────────────────────────────────────────────────────────────────────────┘
┌ Contacts ─────────────────────────────┐ ┌─ My Info Shared with Group ────────┐
│   No contact yet..                    │ │   No Info added yet                │
│   Do an exchange                      │ │   Add infors in MyInfo             │
└───────────────────────────────────────┘ └────────────────────────────────────┘




              [r] Rename  [d] Delete Group  [Esc] Back  [?] help
    1 Exchange  │  2 MyInfo  │  3 Contacts │ 4 ★ Settings │   5 Help  │  [q] Quit
