---
source: tests/snapshot_tests.rs
expression: output
---
                                   Help & FAQ

┌──────────────────────────────────────────────────────────────────────────────┐
│ ▸ How do I add a contact?                                                    │
│   How do I create a backup?                                                  │
│   How do I exchange contact cards?                                           │
└──────────────────────────────────────────────────────────────────────────────┘
┌──────────────────────────────────────────────────────────────────────────────┐
│   What is end-to-end encryption?                                             │
│   How does social recovery work?                                             │
└──────────────────────────────────────────────────────────────────────────────┘
┌──────────────────────────────────────────────────────────────────────────────┐
│   How does Tor routing protect my privacy?                                   │
└──────────────────────────────────────────────────────────────────────────────┘



                     [Enter] Expand  [?] help  [Esc] back
    1 Exchange  │  2 MyInfo  │  3 Contacts │  4 Settings │   5 Help  │  [q] Quit
