---
source: tests/snapshot_tests.rs
expression: output
---
                                   Alice Smith

┌─── Entry ────────────────────────────────────────────Visible for Groups ─────┐
│ ▸ Email alice@company.com (Work)                     Work                    │
│   Phone +41 79 123 45 67 (Mobile)                    Friend, Family          │
│   Website https://alice.example.com (Blog)           -                       │
└──────────────────────────────────────────────────────────────────────────────┘




Shared with 5 contacts.




           [a] Add Entry  [Enter] Who Can See  [?] help  [Esc] back
  1 Exchange  │ 2 ★ MyInfo │  3 Contacts │  4 Groups │  5 Settings │  [q] Quit
