---
source: tests/snapshot_tests.rs
expression: output
---
                                 Privacy & Data

┌ Data Status ─────────────────────────────────────────────────────────────────┐
│                                                                              │
│  Deletion Status                                                             │
│  No deletion requested                                                       │
│                                                                              │
│  Consent                                                                     │
│  No data export requested                                                    │
└──────────────────────────────────────────────────────────────────────────────┘
┌──────────────────────────────────────────────────────────────────────────────┐
│   View My Data  See what data is stored locally                              │
│   Manage Consent  Review and update data consent                             │
└──────────────────────────────────────────────────────────────────────────────┘



          [e] Export Data  [x] Delete All Data  [Esc] Back  [?] help
    1 Exchange  │  2 MyInfo  │  3 Contacts │ 4 ★ Settings │   5 Help  │  [q] Quit
