---
source: tests/snapshot_tests.rs
expression: output
---
                                Social Recovery

┌ Quorum Status ───────────────────────────────────────────────────────────────┐
│                                                                              │
│  Trusted Contacts                                                            │
│  0 of 3                                                                      │
│                                                                              │
│  Quorum Met                                                                  │
│  No                                                                          │
└──────────────────────────────────────────────────────────────────────────────┘
┌ Contacts ────────────────────────────────────────────────────────────────────┐
│  No contacts yet. Use Exchange to add one.                                   │
│                                                                              │
└──────────────────────────────────────────────────────────────────────────────┘



                    [c] Check Status  [Esc] Back  [?] help
  1 Exchange  │  2 MyInfo  │  3 Contacts │  4 Groups │ 5 ★ Settings │  [q] Quit
