---
source: tests/snapshot_tests.rs
expression: output
---
                                    Settings

┌ Profile ─────────────────────────────────────────────────────────────────────┐
│ ▸ Display Name  Alice Smith                                                  │
│   Edit Profile  →                                                            │
└──────────────────────────────────────────────────────────────────────────────┘
┌ Groups ──────────────────────────────────────────────────────────────────────┐
│   Manage Groups  →                                                           │
└──────────────────────────────────────────────────────────────────────────────┘
┌ Privacy ─────────────────────────────────────────────────────────────────────┐
│   Delivery Receipts  [x]                                                     │
│   Suppress Presence  [ ]                                                     │
└──────────────────────────────────────────────────────────────────────────────┘
┌ Security ────────────────────────────────────────────────────────────────────┐
│   Change Password  →                                                         │
│   Devices  1 device                                                          │
│   Duress PIN  →                                                              │
└──────────────────────────────────────────────────────────────────────────────┘
┌ Network ─────────────────────────────────────────────────────────────────────┐
│   Relay URL                                                                  │
└──────────────────────────────────────────────────────────────────────────────┘
┌ Danger Zone ─────────────────────────────────────────────────────────────────┐
│   Emergency Wipe  Wipe All Data                                              │
└──────────────────────────────────────────────────────────────────────────────┘

                             [?] help  [Esc] back
  1 Exchange  │  2 MyInfo  │  3 Contacts │  4 Groups │ 5 ★ Settings │  [q] Quit
