---
Add Entry
from: 2. MyInfo [Action: Add Info]
---

                               * Add Entry to MyInfo *

┌──────────────────────────────────────────────────────────────────────────────┐
│                                  Select a type                         [ESC] │
┌──────────────────────────────────────────────────────────────────────────────┐
│ ▸ • Phone                                                                  │↕│
│   • Email                                                                  │ │
│   • Website                                                                │ │
│   • Birthday                                                               │ │
│   • Time+Location                                                          │ │
│   • Facebook                                                               │ │
│   • Insta                                                                  │ │
│   • TikTok                                                                 │ │
└──────────────────────────────────────────────────────────────────────────────┘







[EDIT]                    [Esc] Cancel  [?] help   

  1 Exchange  │ 2 ★ MyInfo  │ 3 Contacts  │ 4 Settings │  5 Help  │  [q] Quit
