---
source: tests/snapshot_tests.rs
expression: output
---
                                Support Vauchi

┌ Support the Project ─────────────────────────────────────────────────────────┐
│                                                                              │
│  GitHub Sponsors                                                             │
│  https://github.com/sponsors/vauchi                                          │
│                                                                              │
│  Liberapay                                                                   │
│  https://liberapay.com/vauchi                                                │
└──────────────────────────────────────────────────────────────────────────────┘



           [g] GitHub Sponsors  [l] Liberapay  [Esc] Back  [?] help
  1 Exchange  │  2 MyInfo  │  3 Contacts │  4 Groups │ 5 ★ Settings │  [q] Quit
