---
source: tests/snapshot_tests.rs
expression: output
---
                                      Sync

┌ Sync Status ─────────────────────────────────────────────────────────────────┐
│                                                                              │
│  Relay                                                                       │
│  Connected                                                                   │
│                                                                              │
│  Contacts                                                                    │
│  0                                                                           │
│                                                                              │
│  Pending Updates                                                             │
│  None                                                                        │
└──────────────────────────────────────────────────────────────────────────────┘



           [s] Sync Now  [t] Test Connection  [Esc] Back  [?] help
    1 Exchange  │  2 MyInfo  │  3 Contacts │ 4 ★ Settings │   5 Help  │  [q] Quit
