---
source: tests/snapshot_tests.rs
description: "Toast/undo bar — replaces action hints for 5 seconds after reversible action"
expression: output
---
                                    Contacts

┌ Contacts (9) ↕ ──────────────────────────────────────────────Groups──────────┐
│▸ AN Ahmed Nikolaus  +1-203-107-1013                          Friends         │
│  AD Andreanne Doyle  +1-206-114-1026                                         │
│  AR Andres Raynor  +1-209-121-1039                                           │
│  AH Augusta Heller  +1-212-128-1052                                          │
│  BK Brady Koss  +1-215-135-1065                                              │
│  CG Carmen Gutierrez  +1-218-142-1078                                        │
│  DP Diana Patel  +1-221-149-1091                                             │
│  EJ Elsa Jensen  +1-224-156-1104                                             │
└──────────────────────────────────────────────────────────────────────────────┘

Contact deleted. [z] Undo
    1 Exchange  │  2 MyInfo  │ 3 ★ Contacts │  4 Settings │   5 Help  │  [q] Quit
