---
source: tests/snapshot_tests.rs
expression: output
---
═══ Step 1 ─ Settings — press '4' (Settings tab) ═══════════
                                    Settings

┌ Profile ─────────────────────────────────────────────────────────────────────┐
│ ▸ Display Name  Alice Smith                                                  │
│   Edit Profile  →                                                            │
└──────────────────────────────────────────────────────────────────────────────┘
┌ Groups ──────────────────────────────────────────────────────────────────────┐
│   Manage Groups  →                                                           │
└──────────────────────────────────────────────────────────────────────────────┘
┌ Privacy ─────────────────────────────────────────────────────────────────────┐
│   Delivery Receipts  [x]                                                     │
│   Suppress Presence  [ ]                                                     │
└──────────────────────────────────────────────────────────────────────────────┘
┌ Security ────────────────────────────────────────────────────────────────────┐
│   Change Password  →                                                         │
│   Devices  1 device                                                          │
│   Duress PIN  →                                                              │
└──────────────────────────────────────────────────────────────────────────────┘
┌ Network ─────────────────────────────────────────────────────────────────────┐
│   Relay URL                                                                  │
└──────────────────────────────────────────────────────────────────────────────┘
┌ Danger Zone ─────────────────────────────────────────────────────────────────┐
│   Emergency Wipe  Wipe All Data                                              │
└──────────────────────────────────────────────────────────────────────────────┘

                             [?] help  [Esc] back
  1 Exchange  │  2 MyInfo  │  3 Contacts │  4 Groups │ 5 ★ Settings │  [q] Quit

═══ Step 2 ─ Privacy — select Privacy & Data ═══════════════
                                 Privacy & Data

┌ Data Status ─────────────────────────────────────────────────────────────────┐
│                                                                              │
│  Deletion Status                                                             │
│  No deletion requested                                                       │
│                                                                              │
│  Consent                                                                     │
│  No data export requested                                                    │
└──────────────────────────────────────────────────────────────────────────────┘
┌──────────────────────────────────────────────────────────────────────────────┐
│   View My Data  See what data is stored locally                              │
│   Manage Consent  Review and update data consent                             │
└──────────────────────────────────────────────────────────────────────────────┘

          [e] Export Data  [x] Delete All Data  [Esc] Back  [?] help
  1 Exchange  │  2 MyInfo  │  3 Contacts │  4 Groups │ 5 ★ Settings │  [q] Quit

═══ Step 3 ─ Settings — press Esc (back) ═══════════════════
                                    Settings

┌ Profile ─────────────────────────────────────────────────────────────────────┐
│ ▸ Display Name  Alice Smith                                                  │
│   Edit Profile  →                                                            │
└──────────────────────────────────────────────────────────────────────────────┘
┌ Groups ──────────────────────────────────────────────────────────────────────┐
│   Manage Groups  →                                                           │
└──────────────────────────────────────────────────────────────────────────────┘
┌ Privacy ─────────────────────────────────────────────────────────────────────┐
│   Delivery Receipts  [x]                                                     │
│   Suppress Presence  [ ]                                                     │
└──────────────────────────────────────────────────────────────────────────────┘
┌ Security ────────────────────────────────────────────────────────────────────┐
│   Change Password  →                                                         │
│   Devices  1 device                                                          │
│   Duress PIN  →                                                              │
└──────────────────────────────────────────────────────────────────────────────┘
┌ Network ─────────────────────────────────────────────────────────────────────┐
│   Relay URL                                                                  │
└──────────────────────────────────────────────────────────────────────────────┘
┌ Danger Zone ─────────────────────────────────────────────────────────────────┐
│   Emergency Wipe  Wipe All Data                                              │
└──────────────────────────────────────────────────────────────────────────────┘

                             [?] help  [Esc] back
  1 Exchange  │  2 MyInfo  │  3 Contacts │  4 Groups │ 5 ★ Settings │  [q] Quit

═══ Step 4 ─ Tor — select Tor Privacy ══════════════════════
                                  Tor Privacy

┌ Tor Status ──────────────────────────────────────────────────────────────────┐
│                                                                              │
│  Status                                                                      │
│  Disabled                                                                    │
└──────────────────────────────────────────────────────────────────────────────┘
┌ Tor Settings ────────────────────────────────────────────────────────────────┐
│ [ ] Enable Tor                                                               │
│     Route all traffic through Tor                                            │
│ [ ] Prefer Onion Services                                                    │
│     Use .onion addresses when available                                      │
└──────────────────────────────────────────────────────────────────────────────┘

                     [Space] Toggle  [Esc] Back  [?] help
  1 Exchange  │  2 MyInfo  │  3 Contacts │  4 Groups │ 5 ★ Settings │  [q] Quit
