---
source: tests/snapshot_tests.rs
expression: output
---
═══ Step 1 ─ SetupWelcome — no identity detected ═══════════
                              Welcome to Vauchi
                          Privacy-focused contact cards.



         [Enter] Create new identity  [h] I already have an identity



                            


═══ Step 2 ─ CreateIdentity → press 'Create New' ════════════
                            [2/8]  ○ ● ○ ○ ○ ○ ○ ○
                              Create Your Identity

    Name (required)
    ┌ editing ─────────────────────────────────────────────────────┐
    │█                                                             │
    └──────────────────────────────────────────────────────────────┘

                    [Enter] Continue  [?] help  [Esc] back

═══ Step 3 ─ Groups → enter name, press Enter ════════════════
                            [3/8]  ○ ○ ● ○ ○ ○ ○ ○
                              Create Groups

    Use groups to control which contacts see which of your info.

┌ Groups ──────────────────────────────────────────────────────────────────────┐
│ [ ] Family                                                                   │
│ [ ] Friends                                                                  │
│ [ ] Co-workers                                                               │
│ [ ] [Add custom group]                                            [a] Add    │
└──────────────────────────────────────────────────────────────────────────────┘

               [Enter] Continue  [s] Skip  [?] help  [Esc] back

═══ Step 4 ─ AddFields → select groups, press Enter ═════════
                            [4/8]  ○ ○ ○ ● ○ ○ ○ ○
                              Add Contact Info

    Add your details so contacts can reach you.

┌ Select a type ───────────────────────────────────────────────────────────────┐
│ ▸ Phone                                                                    │↕│
│   Email                                                                    │ │
│   Website                                                                  │ │
│   Birthday                                                                 │ │
└──────────────────────────────────────────────────────────────────────────────┘

    Value
    ┌ editing ─────────────────────────────────────────────────────┐
    │+41 79 123 45 67█                                             │
    └──────────────────────────────────────────────────────────────┘

┌ Groups Visibility ───────────────────────────────────────────────────────────┐
│ [x] Family                                                                   │
│ [ ] Friends                                                                  │
│ [ ] Co-workers                                                               │
└──────────────────────────────────────────────────────────────────────────────┘

            [a] Add More  [Enter] Continue  [Esc] Cancel  [?] help
