---
source: tests/snapshot_tests.rs
expression: output
---
═══ Step 1 ─ Contacts — view contact list ══════════════════
                                    Contacts

┌ Contacts (5) ─────────────────────────────────────────────Groups─────────────┐
│▸ AS Abigale Schroeder  +1-200-100-1000                    Friends            │
│  AN Ahmed Nikolaus  +1-203-107-1013                                          │
│  AD Andreanne Doyle  +1-206-114-1026                      Family             │
│  AR Andres Raynor  +1-209-121-1039                        Business, Work     │
│  AH Augusta Heller  +1-212-128-1052                       Family, Friends    │
└──────────────────────────────────────────────────────────────────────────────┘



        [a] Add Contact  [g] Groups  [/] Search  [?] help  [Esc] back
    1 Exchange  │  2 MyInfo  │ 3 ★ Contacts │  4 Settings │   5 Help  │  [q] Quit

═══ Step 2 ─ ContactDetail — press Enter on contact ════════
                               Abigale Schroeder

┌ Perspective ─────────────────────────────────────────────────────────────────┐
│ [x] Their Info                                                               │
│     What they share with me                                                  │
│ [ ] My Info for Them                                                         │
│     What I share with them                                                   │
└──────────────────────────────────────────────────────────────────────────────┘
┌ Abigale Schroeder ───────────────────────────────────────────────────────────┐
│                                                                              │
│  Initials                         Group Membership [g] Edit                  │
│  AS                               Friends                                    │
└──────────────────────────────────────────────────────────────────────────────┘
┌ Fields ──────────────────────────────────────────────────────────────────────┐
│Type       Label           Value                                              │
│                                                                              │
│Phone    ▸ Mobile          +1-200-100-1000                                    │
│Email      Email           abigale.schroeder@example.com                      │
│Address    Address         100 Main St, Springfield                           │
└──────────────────────────────────────────────────────────────────────────────┘

         [c] Copy  [t] Call  [s] SMS  [e] Edit  [Esc] Back  [?] help
    1 Exchange  │  2 MyInfo  │ 3 ★ Contacts │  4 Settings │   5 Help  │  [q] Quit

═══ Step 3 ─ ContactEdit — press 'e' (Edit) ════════════════
                                  Edit Contact

Display Name
┌ editing ─────────────────────────────────────────────────────────────────────┐
│Abigale Schroeder█                                                            │
└──────────────────────────────────────────────────────────────────────────────┘
┌ Group Membership ────────────────────────────────────────────────────────────┐
│ [x] Family                                                                   │
│ [ ] Friends                                                                  │
│ [ ] Co-workers                                                               │
└──────────────────────────────────────────────────────────────────────────────┘
┌ Fields ──────────────────────────────────────────────────────────────────────┐
│Type       Label           Value                            Comments          │
│                                                                              │
│Phone      Mobile          +1-200-100-1000                  Only in US        │
│Email      Email           abigale.schroeder@example.com                      │
│Address    Address         100 Main St, Springfield                           │
└──────────────────────────────────────────────────────────────────────────────┘

           [Tab] Next Section  [Enter] Save  [Esc] Cancel  [?] help
    1 Exchange  │  2 MyInfo  │ 3 ★ Contacts │  4 Settings │   5 Help  │  [q] Quit

═══ Step 4 ─ ContactDetail — press Esc (back from edit) ════
                               Abigale Schroeder

┌ Perspective ─────────────────────────────────────────────────────────────────┐
│ [x] Their Info                                                               │
│     What they share with me                                                  │
│ [ ] My Info for Them                                                         │
│     What I share with them                                                   │
└──────────────────────────────────────────────────────────────────────────────┘
┌ Abigale Schroeder ───────────────────────────────────────────────────────────┐
│                                                                              │
│  Initials                         Group Membership [g] Edit                  │
│  AS                               Friends                                    │
└──────────────────────────────────────────────────────────────────────────────┘
┌ Fields ──────────────────────────────────────────────────────────────────────┐
│Type       Label           Value                                              │
│                                                                              │
│Phone    ▸ Mobile          +1-200-100-1000                                    │
│Email      Email           abigale.schroeder@example.com                      │
│Address    Address         100 Main St, Springfield                           │
└──────────────────────────────────────────────────────────────────────────────┘

         [c] Copy  [t] Call  [s] SMS  [e] Edit  [Esc] Back  [?] help
    1 Exchange  │  2 MyInfo  │ 3 ★ Contacts │  4 Settings │   5 Help  │  [q] Quit
