---
source: tests/snapshot_tests.rs
expression: output
---
═══ Step 1 ─ MyInfo — home screen ══════════════════════════
                                   Alice Smith

┌─── Entry ────────────────────────────────────────────Visible for Groups ─────┐
│ ▸ Email alice@company.com (Work)                     Work                    │
│   Phone +41 79 123 45 67 (Mobile)                    Friend, Family          │
│   Website https://alice.example.com (Blog)           -                       │
└──────────────────────────────────────────────────────────────────────────────┘



           [a] Add Entry  [Enter] Who Can See  [?] help  [Esc] back
  1 Exchange  │ 2 ★ MyInfo │  3 Contacts │  4 Groups │  5 Settings │  [q] Quit

═══ Step 2 ─ Exchange Group Pre-Selection — press '1' ═══════
                             [1/7]  ● ○ ○ ○ ○ ○ ○
                              Assign to Groups

┌ Select Groups for New Contact ───────────────────────────────────────────────┐
│ [ ] Family                                                                   │
│ [ ] Friends                                                                  │
│ [ ] Work                                                                     │
└──────────────────────────────────────────────────────────────────────────────┘

Or assign later after exchange.

              [Enter] Continue  [s] Skip  [Esc] Cancel  [?] help
 1 ★ Exchange │  2 MyInfo  │  3 Contacts │  4 Groups │  5 Settings │  [q] Quit

═══ Step 3 ─ Exchange QR — select groups, press Enter ═══════
                             [2/7]  ○ ● ○ ○ ○ ○ ○
                                 Share Your Code

┌ QR Code ─────────────────────────────────────────────────────────────────────┐
│                                                                              │
│  ┌──────────────┐                                                            │
│  │  ▄▄▄▄  ▄▄▄▄ │                                                             │
│  │  █  █  █  █ │                                                             │
│  │  ▀▀▀▀  ▀▀▀▀ │                                                             │
│  └──────────────┘                                                            │
│                                                                              │
│  [PUBLIC_ID]...                                 │
│  Alice Smith                                                                 │
│                                                                              │
└──────────────────────────────────────────────────────────────────────────────┘
               [Enter] Scan Their Code  [Esc] Cancel  [?] help
 1 ★ Exchange │  2 MyInfo  │  3 Contacts │  4 Groups │  5 Settings │  [q] Quit

═══ Step 4 ─ Contacts — exchange complete, view contacts ════
                                    Contacts

┌ Contacts (1) ────────────────────────────────────────────────────────────────┐
│▸ BS Bob Smith  +1-555-100-2000                               Friends         │
└──────────────────────────────────────────────────────────────────────────────┘

Contact added. [z] Undo

  1 Exchange  │  2 MyInfo  │ 3 ★ Contacts │  4 Groups │  5 Settings │  [q] Quit
