---
source: tests/snapshot_tests.rs
assertion_line: 249
expression: output
---
Social Recovery

────────────────────────────────────────────────────────────────────────────────
                                 Social Recovery

┌ [-] Quorum Status ───────────────────────────────────────────────────────────┐
│                                                                              │
│  Trusted Contacts                                                            │
│  0 of 3                                                                      │
│                                                                              │
│  Quorum Met                                                                  │
└──────────────────────────────────────────────────────────────────────────────┘
┌ Contacts ────────────────────────────────────────────────────────────────────┐
│  No contacts yet                                                             │
│                                                                              │
└──────────────────────────────────────────────────────────────────────────────┘




                              [Enter] Check Status

[E] Check Status  [␛] back  [q] quit
    Exchange    │   Contacts    │     Home      │  ★ Settings   │     Help
