---
source: tests/snapshot_tests.rs
description: "Contacts → type search 'Ahmed'"
expression: output
---
                                    Contacts

┌ Contacts (1) ────────────────────────────────────────────────────────────────┐
│▸ AN Ahmed Nikolaus  +1-203-107-1013                                          │
│                                                                              │
└──────────────────────────────────────────────────────────────────────────────┘















 Search: Ahmed  [Esc] clear
[a] Add Contact  [g] Groups  [?] help  [Esc] back  [q] quit
   1 Exchange   │   2 MyInfo    │ 3 ★ Contacts  │  4 Settings   │    5 Help
