---
source: tests/snapshot_tests.rs
assertion_line: 404
expression: output
---
Duress PIN

────────────────────────────────────────────────────────────────────────────────
                                 [1/4]  ● ○ ○ ○
                                   Duress PIN

┌ [S] Duress PIN ──────────────────────────────────────────────────────────────┐
│                                                                              │
│  [-] What is a Duress PIN?                                                   │
│      A secondary PIN that, when entered, silently alerts your chosen contacts│
└──────────────────────────────────────────────────────────────────────────────┘
┌ Status ──────────────────────────────────────────────────────────────────────┐
│ [ ] Duress PIN enabled                                                       │
└──────────────────────────────────────────────────────────────────────────────┘





                               [Enter] Set Up PIN

────────────────────────────────────────────────────────────────────────────────
[Enter] Set Up PIN  [Esc] back  [q]uit
