---
source: tests/snapshot_tests.rs
assertion_line: 421
expression: output
---
Duress Protection

────────────────────────────────────────────────────────────────────────────────
┌Duress Protection─────────────────────────────────────────────────────────────┐
│Duress PIN: ENABLED — 2 alert contact(s) configured                           │
└──────────────────────────────────────────────────────────────────────────────┘
┌Duress PIN────────────────────────────────────────────────────────────────────┐
│****                                                                          │
└──────────────────────────────────────────────────────────────────────────────┘
┌Alert Contacts (comma-separated IDs)──────────────────────────────────────────┐
│abc123, def456                                                                │
└──────────────────────────────────────────────────────────────────────────────┘
┌Alert Message─────────────────────────────────────────────────────────────────┐
│Duress alert — contact may be under coercion                                  │
└──────────────────────────────────────────────────────────────────────────────┘
┌──────────────────────────────────────────────────────────────────────────────┐
│Include Location: ON                                                          │
└──────────────────────────────────────────────────────────────────────────────┘
[a] configure alerts  [l] toggle location  [x] disable  [Esc] back


────────────────────────────────────────────────────────────────────────────────
[p]in setup  [a]lert config  [l]ocation  [x]disable  [esc] back
