---
source: tests/snapshot_tests.rs
description: ContactDetail → select Visibility
expression: output
---
                          Visibility: Abigale Schroeder

Toggle which fields are visible to this contact.

┌ Field Visibility ────────────────────────────────────────────────────────────┐
│ [x] Mobile                                                                   │
│ [x] Email                                                                    │
│ [x] Address                                                                  │
└──────────────────────────────────────────────────────────────────────────────┘













[Enter] Save  [?] help  [Esc] back  [q] quit
   1 Exchange   │   2 MyInfo    │ 3 ★ Contacts  │  4 Settings   │    5 Help
