---
source: tests/snapshot_screens.rs
description: Settings → select Backup
expression: output
---
                                Backup & Recovery

┌ [B] Protect your data ───────────────────────────────────────────────────────┐
│                                                                              │
│  Backup                                                                      │
│  Create an encrypted backup of your identity. To preserve contacts, use devic│
└──────────────────────────────────────────────────────────────────────────────┘















[Enter] Create Backup  [Enter] Restore Backup  [?] help  [Esc] back  [q] quit
   1 My Card    │  2 Contacts   │  3 Exchange   │   4 Groups    │   5 ★ More
