---
source: tests/snapshot_tests.rs
assertion_line: 337
expression: output
---
Edit Relay URL

────────────────────────────────────────────────────────────────────────────────
                                 Edit Relay URL

Relay URL
┌──────────────────────────────────────────────────────────────────────────────┐
│wss://relay.vauchi.app|                                                       │
└──────────────────────────────────────────────────────────────────────────────┘










                           [Enter] Save  [Esc] Cancel

────────────────────────────────────────────────────────────────────────────────
[Enter] Save  [Esc] Cancel  [Esc] back  [q]uit
