---
source: tests/snapshot_tests.rs
description: "MyInfo → press 'a' (Add Entry)"
expression: output
---
                                    Add Entry
                                  Select a type

┌──────────────────────────────────────────────────────────────────────────────┐
│ ▸ • Phone                                                                    │
│   • Email                                                                    │
│   • Website                                                                  │
│   bandcamp Bandcamp                                                          │
│   behance Behance                                                            │
│   bitbucket Bitbucket                                                        │
│   bluesky Bluesky                                                            │
└──────────────────────────────────────────────────────────────────────────────┘










[EDIT]   [Esc] Cancel  [?] help  [Esc] back  [q] quit
   1 Exchange   │  2 ★ MyInfo   │  3 Contacts   │  4 Settings   │    5 Help
