---
source: tests/snapshot_tests.rs
expression: output
---
                               [2/6]  ○ ● ○ ○ ○ ○
                                 Share Your Code

┌ QR Code ─────────────────────────────────────────────────────────────────────┐
│                                                                              │
│  ┌──────────────┐                                                            │
│  │  ▄▄▄▄  ▄▄▄▄ │                                                             │
│  │  █  █  █  █ │                                                             │
│  │  ▀▀▀▀  ▀▀▀▀ │                                                             │
│  └──────────────┘                                                            │
│                                                                              │
│  [PUBLIC_ID]...                                 │
│  Alice Smith                                                                 │
│                                                                              │
│                                                                              │
│                                                                              │
│                                                                              │
│                                                                              │
│                                                                              │
└──────────────────────────────────────────────────────────────────────────────┘
                             [Enter] Scan Their Code

[Enter] Scan Their Code  [?] help  [Esc] back  [q] quit
   ★ Exchange   │    MyInfo     │   Contacts    │   Settings    │     Help
