---
source: tests/snapshot_tests.rs
expression: output
---
Add Field

────────────────────────────────────────────────────────────────────────────────


  ┌Type──────────────────────────────────────────────────────────────────────┐
  │< Email >                                                                 │
  └──────────────────────────────────────────────────────────────────────────┘
  ┌Label─────────────────────────────────────────────────────────────────────┐
  │Enter label...                                                            │
  └──────────────────────────────────────────────────────────────────────────┘
  ┌Value─────────────────────────────────────────────────────────────────────┐
  │Enter value...                                                            │
  └──────────────────────────────────────────────────────────────────────────┘







────────────────────────────────────────────────────────────────────────────────
[tab] next  [enter] submit  [esc] cancel
