---
source: tests/snapshot_tests.rs
expression: output
---
Contacts

────────────────────────────────────────────────────────────────────────────────
                                    Contacts

┌ Contacts ────────────────────────────────────────────────────────────────────┐
│ CG Carmen Gutierrez  +1-218-142-1078                                         │
│                                                                              │
└──────────────────────────────────────────────────────────────────────────────┘











         [a] Add Contact  [Enter] Family  [Enter] Friends  [Enter] Work

[a] Add Contact  [E] Family  [E] Friends  [E] Work  [?] help  [␛] back  [q] quit
    Exchange    │  ★ Contacts   │     Home      │   Settings    │     Help
