---
source: tests/snapshot_tests.rs
assertion_line: 403
expression: output
---
Duress Protection

────────────────────────────────────────────────────────────────────────────────
┌Duress Protection─────────────────────────────────────────────────────────────┐
│App password required — set one in Settings first                             │
└──────────────────────────────────────────────────────────────────────────────┘
┌Duress PIN────────────────────────────────────────────────────────────────────┐
│Not configured                                                                │
└──────────────────────────────────────────────────────────────────────────────┘
┌Alert Contacts (comma-separated IDs)──────────────────────────────────────────┐
│                                                                              │
└──────────────────────────────────────────────────────────────────────────────┘
┌Alert Message─────────────────────────────────────────────────────────────────┐
│                                                                              │
└──────────────────────────────────────────────────────────────────────────────┘
┌──────────────────────────────────────────────────────────────────────────────┐
│Include Location: OFF                                                         │
└──────────────────────────────────────────────────────────────────────────────┘
[Esc] back


────────────────────────────────────────────────────────────────────────────────
[p]in setup  [a]lert config  [l]ocation  [x]disable  [esc] back
