---
source: tests/snapshot_tests.rs
description: Settings → select Devices
expression: output
---
                                 [1/4]  ● ○ ○ ○
                                   Link Device

┌┌─────────────────────────────────────────────────────────────────────────────┐         
│                              [1/4]  ● ○ ○ ○                                  │
│                                                                              │
│                                                                              │
│         QR Code                                       Camera Preview         │
│    ┌──────────────┐                                  ┌──────────────┐        │
│    │  ▄▄▄▄  ▄▄▄   │                                  │              │        │
│    │  █ █ █  █  █ │                                  │ [Other       │        │
│    │  ▀▀▀▀  ▀▀    │                                  │  devices's   │        │
│    │  █ ▀ ▀  ▀▀ █ │                                  │   Qr Code ]  │        │
│    │  ▀▀ ▀  ▀ ▀ ▀ │                                  │              │        │
│    └──────────────┘                                  └──────────────┘        │    
│                                                                              │
│                                                                              │
│  [Device_ID]...                                                              │
│  Scan on new device                                                          │
│                                                                              │
│                                                                              │
│                                                                              │
│                                                                              │
│                                                                              │
│                                                                              │
│                                                                              │
└──────────────────────────────────────────────────────────────────────────────┘

[Esc] Cancel  [?] help  [Esc] back  [q] quit
   1 Exchange   │   2 MyInfo    │  3 Contacts   │ 4 ★ Settings  │    5 Help
