---
source: tests/snapshot_tests.rs
expression: output
---
Recovery

────────────────────────────────────────────────────────────────────────────────
┌Status────────────────────────────────────────────────────────────────────────┐
│                                                                              │
│Recovery                                                                      │
│                                                                              │
│  Trusted contacts: 0/3                                                       │
│                                                                              │
│  No active recovery claim                                                    │
└──────────────────────────────────────────────────────────────────────────────┘
┌Actions───────────────────────────────────────────────────────────────────────┐
│                                                                              │
│  [c] Create recovery claim                                                   │
│  [v] Vouch for a contact's recovery                                          │
│  [s] Check recovery status                                                   │
│                                                                              │
│                                                                              │
└──────────────────────────────────────────────────────────────────────────────┘
────────────────────────────────────────────────────────────────────────────────
                      c Claim  v Vouch  s Status  Esc Back
────────────────────────────────────────────────────────────────────────────────
[c]laim  [v]ouch  [s]tatus  [esc] back  [?]help
