---
source: tests/snapshot_screens.rs
description: "MyInfo → press '5' (Help tab)"
expression: output
---
                                   Help & FAQ

┌──────────────────────────────────────────────────────────────────────────────┐
│ ▸ • How do I add a contact?                                                  │
│   • How do I create a backup?                                                │
│   • How do I exchange contact cards?                                         │
└──────────────────────────────────────────────────────────────────────────────┘
┌──────────────────────────────────────────────────────────────────────────────┐
│   • What is end-to-end encryption?                                           │
│   • How does social recovery work?                                           │
└──────────────────────────────────────────────────────────────────────────────┘
┌──────────────────────────────────────────────────────────────────────────────┐
│   • How does Tor routing protect my privacy?                                 │
└──────────────────────────────────────────────────────────────────────────────┘








[?] help  [Esc] back  [q] quit
   1 My Card    │  2 Contacts   │  3 Exchange   │   4 Groups    │   5 ★ More
