---
source: tests/snapshot_tests.rs
description: MyInfo → press Enter on field
expression: output
---
                                   Edit Field

Editing: Mobile

Value
┌──────────────────────────────────────────────────────────────────────────────┐
│+41 79 123 45 67                                                              │
└──────────────────────────────────────────────────────────────────────────────┘

┌ Visible for Groups ──────────────────────────────────────────────────────────┐
│ [ ] Family                                                                   │                                                │
│ [ ] Friends                                                                  │
│ [x] Co-workers                                                               │
└──────────────────────────────────────────────────────────────────────────────┘














[EDIT]   [Enter] Save  [Esc] Cancel  [?] help  [Esc] back  [q] quit
   1 Exchange   │  2 ★ MyInfo   │  3 Contacts   │  4 Settings   │    5 Help
