---
source: tests/snapshot_tests.rs
expression: output
---
Tor Privacy

────────────────────────────────────────────────────────────────────────────────
                                   Tor Privacy

┌ [-] Tor Status ──────────────────────────────────────────────────────────────┐
│                                                                              │
│  Status                                                                      │
│  Disabled                                                                    │
└──────────────────────────────────────────────────────────────────────────────┘
┌ Tor Settings ────────────────────────────────────────────────────────────────┐
│ [ ] Enable Tor                                                               │
│     Route all traffic through Tor                                            │
│ [ ] Prefer Onion Services                                                    │
│     Use .onion addresses when available                                      │
└──────────────────────────────────────────────────────────────────────────────┘



                                 [t] Enable Tor

────────────────────────────────────────────────────────────────────────────────
[t] Enable Tor  [Esc] back  [q]uit
