---
source: tests/snapshot_tests.rs
expression: output
---
Share Your Code

────────────────────────────────────────────────────────────────────────────────
                                [1/5]  ● ○ ○ ○ ○
                                 Share Your Code

┌ QR Code ─────────────────────────────────────────────────────────────────────┐
│                                                                              │
│  ┌──────────────┐                                                            │
│  │  ▄▄▄▄  ▄▄▄▄ │                                                             │
│  │  █  █  █  █ │                                                             │
│  │  ▀▀▀▀  ▀▀▀▀ │                                                             │
│  └──────────────┘                                                            │
│                                                                              │
│  [PUBLIC_ID]...                                 │
│  Alice Smith                                                                 │
│                                                                              │
│                                                                              │
│                                                                              │
└──────────────────────────────────────────────────────────────────────────────┘
                             [Enter] Scan Their Code

[E] Scan Their Code  [?] help  [␛] back  [q] quit
   ★ Exchange   │    MyInfo     │   Contacts    │   Settings    │     Help
