---
source: tests/snapshot_tests.rs
assertion_line: 167
expression: output
---
Contacts

────────────────────────────────────────────────────────────────────────────────
┌Search (/ to search)──────────────────────────────────────────────────────────┐
│Press / to search...                                                          │
└──────────────────────────────────────────────────────────────────────────────┘
┌Contacts──────────────────────────────────────────────────────────────────────┐
│No contacts yet. Exchange cards to add contacts!                              │
│                                                                              │
│                                                                              │
│                                                                              │
│                                                                              │
│                                                                              │
│                                                                              │
│                                                                              │
│                                                                              │
│                                                                              │
│                                                                              │
│                                                                              │
│                                                                              │
└──────────────────────────────────────────────────────────────────────────────┘
────────────────────────────────────────────────────────────────────────────────
[j/k] navigate  [/]search  [enter] view  [esc] back  [?]help
