---
source: tests/snapshot_tests.rs
assertion_line: 394
expression: output
---
Share Your Code

────────────────────────────────────────────────────────────────────────────────
                                [1/5]  ● ○ ○ ○ ○
                                 Share Your Code

┌ QR Code ─────────────────────────────────────────────────────────────────────┐
│                                                                              │
│  ┌──────────────┐                                                            │
│  │  ▄▄▄▄  ▄▄▄▄ │                                                             │
│  │  █  █  █  █ │                                                             │
│  │  ▀▀▀▀  ▀▀▀▀ │                                                             │
│  └──────────────┘                                                            │
│                                                                              │
│  [PUBLIC_ID]...                                 │
│  Alice Smith                                                                 │
│                                                                              │
│                                                                              │
└──────────────────────────────────────────────────────────────────────────────┘
                             [Enter] Scan Their Code

────────────────────────────────────────────────────────────────────────────────
[Enter] Scan Their Code  [Esc] back  [q]uit
