---
source: tests/snapshot_tests.rs
expression: output
---
                                      Sync

┌ [-] Sync Status ─────────────────────────────────────────────────────────────┐
│                                                                              │
│  [-] Relay                                                                   │
│                                                                              │
│                                                                              │
│  [-] Contacts                                                                │
│      0                                                                       │
│                                                                              │
└──────────────────────────────────────────────────────────────────────────────┘









                    [Enter] Sync Now  [Enter] Test Connection

[Enter] Sync Now  [Enter] Test Connection  [?] help  [Esc] back  [q] quit
    Exchange    │    MyInfo     │   Contacts    │  ★ Settings   │     Help
