---
source: tests/snapshot_workflows.rs
description: "Backup happy path: Settings → Backup menu → Export form"
expression: output
---
═══ Step 1 ─ Settings — press '5' (More tab) → Settings ══
                                    Settings

┌ Profile ─────────────────────────────────────────────────────────────────────┐
│ ▸ Display Name  Alice Smith                                                  │
│   Edit Profile  →                                                            │
└──────────────────────────────────────────────────────────────────────────────┘
┌ Privacy ─────────────────────────────────────────────────────────────────────┐
│   Delivery Receipts  [x]                                                     │
│   Suppress Presence  [ ]                                                     │
└──────────────────────────────────────────────────────────────────────────────┘
┌ Notifications ───────────────────────────────────────────────────────────────┐
│   New Contact Added  [ ]                                                     │
└──────────────────────────────────────────────────────────────────────────────┘
┌ Security ────────────────────────────────────────────────────────────────────┐
│   Change Password  →                                                         │
└──────────────────────────────────────────────────────────────────────────────┘
┌ Network ─────────────────────────────────────────────────────────────────────┐
│   Relay URL  wss://relay.vauchi.app                                          │
└──────────────────────────────────────────────────────────────────────────────┘
┌ Danger Zone ─────────────────────────────────────────────────────────────────┐
│   Emergency Wipe  Wipe All Data                                              │
└──────────────────────────────────────────────────────────────────────────────┘
[?] help  [Esc] back  [q] quit
   1 My Card    │  2 Contacts   │  3 Exchange   │   4 Groups    │   5 ★ More

═══ Step 2 ─ Backup — select Backup ════════════════════════
                                Backup & Recovery

┌ [B] Protect your data ───────────────────────────────────────────────────────┐
│                                                                              │
│  Backup                                                                      │
│  Create an encrypted backup of your identity. To preserve contacts, use devic│
└──────────────────────────────────────────────────────────────────────────────┘















[Enter] Create Backup  [Enter] Restore Backup  [?] help  [Esc] back  [q] quit
   1 My Card    │  2 Contacts   │  3 Exchange   │   4 Groups    │   5 ★ More

═══ Step 3 ─ BackupExport — select Create Backup ═══════════
                                Backup & Recovery

┌ [B] Protect your data ───────────────────────────────────────────────────────┐
│                                                                              │
│  Backup                                                                      │
│  Create an encrypted backup of your identity. To preserve contacts, use devic│
└──────────────────────────────────────────────────────────────────────────────┘















[Enter] Create Backup  [Enter] Restore Backup  [?] help  [Esc] back  [q] quit
   1 My Card    │  2 Contacts   │  3 Exchange   │   4 Groups    │   5 ★ More
