---
source: tests/snapshot_tests.rs
assertion_line: 398
expression: output
---
Privacy & Data

────────────────────────────────────────────────────────────────────────────────
                                 Privacy & Data

┌ [-] Data Status ─────────────────────────────────────────────────────────────┐
│                                                                              │
│  Deletion Status                                                             │
│  No deletion requested                                                       │
│                                                                              │
│  Consent                                                                     │
└──────────────────────────────────────────────────────────────────────────────┘
┌──────────────────────────────────────────────────────────────────────────────┐
│  data View My Data  See what data is stored locally                          │
│  consent Manage Consent  Review and update data consent                      │
└──────────────────────────────────────────────────────────────────────────────┘




                    [Enter] Export Data  [x] Delete All Data

[E] Export Data  [x] Delete All Data  [␛] back  [q] quit
    Exchange    │   Contacts    │     Home      │  ★ Settings   │     Help
