---
source: tests/snapshot_tests.rs
expression: output
---
                              * Enter Password *

┌──────────────────────────────────────────────────────────────────────────────┐
│Password                                                                      │
│                                                                              │
│  ○ ○ ○ ○ ○ ○                                                                 │
└──────────────────────────────────────────────────────────────────────────────┘
