---
source: tests/snapshot_tests.rs
expression: output
---
                                 Social Recovery

┌ [-] Quorum Status ───────────────────────────────────────────────────────────┐
│                                                                              │
│  Trusted Contacts                                                            │
│  0 of 3                                                                      │
│                                                                              │
│  Quorum Met                                                                  │
│  No                                                                          │
└──────────────────────────────────────────────────────────────────────────────┘
┌ Contacts ────────────────────────────────────────────────────────────────────┐
│  No contacts yet. Use Exchange to add one.                                   │
│                                                                              │
└──────────────────────────────────────────────────────────────────────────────┘






                              [Enter] Check Status

[Enter] Check Status  [?] help  [Esc] back  [q] quit
    Exchange    │    MyInfo     │   Contacts    │  ★ Settings   │     Help
