---
source: tests/snapshot_tests.rs
description: Settings → select Backup
expression: output
---
                                Backup & Recovery

┌ [B] Protect your data ───────────────────────────────────────────────────────┐
│                                                                              │
│  Backup                                                                      │
│  Create an encrypted backup of your identity and contacts.                   │
└──────────────────────────────────────────────────────────────────────────────┘















[Enter] Create Backup  [Enter] Restore Backup  [?] help  [Esc] back  [q] quit
   1 Exchange   │   2 MyInfo    │  3 Contacts   │ 4 ★ Settings  │    5 Help
