---
source: tests/snapshot_screens.rs
description: "MyInfo → press '4' (Settings tab)"
expression: output
---
                                    Settings

┌ Profile ─────────────────────────────────────────────────────────────────────┐
│ ▸ Display Name  Alice Smith                                                  │
│   Edit Profile  →                                                            │
└──────────────────────────────────────────────────────────────────────────────┘
┌ Privacy ─────────────────────────────────────────────────────────────────────┐
│   Delivery Receipts  [x]                                                     │
│   Suppress Presence  [ ]                                                     │
└──────────────────────────────────────────────────────────────────────────────┘
┌ Security ────────────────────────────────────────────────────────────────────┐
│   Change Password  →                                                         │
│   Devices  1 device                                                          │
│   Duress PIN  →                                                              │
└──────────────────────────────────────────────────────────────────────────────┘
┌ Network ─────────────────────────────────────────────────────────────────────┐
│   Relay URL  wss://relay.vauchi.app                                          │
└──────────────────────────────────────────────────────────────────────────────┘
┌ Danger Zone ─────────────────────────────────────────────────────────────────┐
│   Emergency Wipe  Wipe All Data                                              │
└──────────────────────────────────────────────────────────────────────────────┘

[?] help  [Esc] back  [q] quit
   1 My Card    │  2 Contacts   │  3 Exchange   │   4 Groups    │   5 ★ More
