---
source: tests/snapshot_tests.rs
expression: output
---
                                    Contacts

┌ Contacts (1) ────────────────────────────────────────────────────────────────┐
│▸ CG Carmen Gutierrez  +1-218-142-1078                                        │
│                                                                              │
└──────────────────────────────────────────────────────────────────────────────┘















 Search: carmen  [Esc] clear
[a] Add Contact  [g] Groups  [?] help  [Esc] back  [q] quit
   1 Exchange   │   2 MyInfo    │ 3 ★ Contacts  │  4 Settings   │    5 Help
