---
source: tests/snapshot_screens.rs
description: Contacts → duplicates detected
expression: output
---
                               Duplicate Detection

No duplicate contacts detected.



















[?] help  [Esc] back  [q] quit
   1 My Card    │ 2 ★ Contacts  │  3 Exchange   │   4 Groups    │    5 More
