---
source: tests/snapshot_tests.rs
expression: output
---
Sync

────────────────────────────────────────────────────────────────────────────────
┌Connection────────────────────────────────────────────────────────────────────┐
│                                                                              │
│  Relay: wss://relay.vauchi.app                                               │
│  Status: Connected                                                           │
│                                                                              │
└──────────────────────────────────────────────────────────────────────────────┘
┌Sync Progress─────────────────────────────────────────────────────────────────┐
│███████████████████████████████████████████████████████                       │
│████████████████████████0 contacts | 3 pending updates                        │
│███████████████████████████████████████████████████████                       │
└──────────────────────────────────────────────────────────────────────────────┘
┌Sync Info─────────────────────────────────────────────────────────────────────┐
│  Last sync: Synced: 2 contacts, 1 update                                     │
│                                                                              │
│  Sent 1 update                                                               │
│  Received 2 contacts                                                         │
│  Connected to relay                                                          │
└──────────────────────────────────────────────────────────────────────────────┘
────────────────────────────────────────────────────────────────────────────────
[s]ync now  [esc] back  [?]help
