---
source: tests/snapshot_tests.rs
expression: output
---
Edit Field

────────────────────────────────────────────────────────────────────────────────
                                   Edit Field

Editing: Mobile

Value
┌ ⌨ type here ─────────────────────────────────────────────────────────────────┐
│Enter new value                                                               │
└──────────────────────────────────────────────────────────────────────────────┘








                           [Enter] Save  [Esc] Cancel

────────────────────────────────────────────────────────────────────────────────
[Enter] Save  [Esc] Cancel  [Esc] back  [q]uit
