---
source: tests/snapshot_tests.rs
assertion_line: 349
expression: output
---
                                   Edit Field

Editing: Mobile

Value
┌──────────────────────────────────────────────────────────────────────────────┐
│+41 79 123 45 67                                                              │
└──────────────────────────────────────────────────────────────────────────────┘












                           [Enter] Save  [Esc] Cancel

[EDIT]   [Enter] Save  [Esc] Cancel  [?] help  [Esc] back  [q] quit
    Exchange    │   ★ MyInfo    │   Contacts    │   Settings    │     Help
