---
source: tests/snapshot_tests.rs
expression: output
---
Sync

────────────────────────────────────────────────────────────────────────────────
                                      Sync

┌ [-] Sync Status ─────────────────────────────────────────────────────────────┐
│                                                                              │
│  [-] Relay                                                                   │
│                                                                              │
│                                                                              │
│  [-] Contacts                                                                │
└──────────────────────────────────────────────────────────────────────────────┘








                    [Enter] Sync Now  [Enter] Test Connection

[E] Sync Now  [E] Test Connection  [?] help  [␛] back  [q] quit
    Exchange    │    MyInfo     │   Contacts    │  ★ Settings   │     Help
