---
source: tests/snapshot_workflows.rs
description: "Exchange happy path: MyInfo → Exchange QR → Contacts"
expression: output
---
═══ Step 1 ─ MyInfo — home screen ══════════════════════════
                                   Alice Smith

┌──────────────────────────────────────────────────────────────────────────────┐
│ ▸ Email alice@company.com (Work)                                             │
│   Phone +41 79 123 45 67 (Mobile)                                            │
│   Website https://alice.example.com (Blog)                                   │
└──────────────────────────────────────────────────────────────────────────────┘















[a] Add Entry  [Enter] Group View  [Enter] Preview as...  [?] help  [Esc] back
  1 ★ My Card   │  2 Contacts   │  3 Exchange   │   4 Groups    │    5 More

═══ Step 2 ─ Exchange — press '3' (Exchange tab) ═══════════
                               [2/6]  ○ ● ○ ○ ○ ○
                                 Share Your Code

┌ QR Code ─────────────────────────────────────────────────────────────────────┐
│  [QR_IMAGE_REDACTED]                                                         │
└──────────────────────────────────────────────────────────────────────────────┘
[Enter] Scan Their Code  [?] help  [Esc] back  [q] quit
   1 My Card    │  2 Contacts   │ 3 ★ Exchange  │   4 Groups    │    5 More

═══ Step 3 ─ Contacts — press '2' (view exchanged contacts) 
                                    Contacts

┌ Contacts ────────────────────────────────────────────────────────────────────┐
│  No contacts yet. Use Exchange to add one.                                   │
│                                                                              │
└──────────────────────────────────────────────────────────────────────────────┘
















[a] Add Contact  [?] help  [Esc] back  [q] quit
   1 My Card    │ 2 ★ Contacts  │  3 Exchange   │   4 Groups    │    5 More
