---
source: tests/snapshot_tests.rs
expression: output
---
Vauchi - Setup

────────────────────────────────────────────────────────────────────────────────


┌ Setup ───────────────────────────────────────────────────────────────────────┐
│                               Welcome to Vauchi                              │
│                                                                              │
└──────────────────────────────────────────────────────────────────────────────┘


┌──────────────────────────────────────────────────────────────────────────────┐
│                            [c] Create New Identity                           │
│                                                                              │
│                    Start fresh with a new Vauchi identity                    │
└──────────────────────────────────────────────────────────────────────────────┘
┌──────────────────────────────────────────────────────────────────────────────┐
│                               [i] Import Backup                              │
│                                                                              │
│                        Restore from an existing backup                       │
└──────────────────────────────────────────────────────────────────────────────┘
────────────────────────────────────────────────────────────────────────────────
[c]reate new identity  [i]mport backup  [q]uit
