---
source: tests/snapshot_screens.rs
description: Settings → select Privacy & Data
expression: output
---
                                 Privacy & Data

┌ [-] Data Status ─────────────────────────────────────────────────────────────┐
│                                                                              │
│  Deletion Status                                                             │
│  No deletion requested                                                       │
│                                                                              │
│  Consent                                                                     │
│  No data export requested                                                    │
└──────────────────────────────────────────────────────────────────────────────┘
┌──────────────────────────────────────────────────────────────────────────────┐
│   data View My Data  See what data is stored locally                         │
│   consent Manage Consent  Review and update data consent                     │
└──────────────────────────────────────────────────────────────────────────────┘








[Enter] Export Data  [x] Delete All Data  [?] help  [Esc] back  [q] quit
   1 My Card    │  2 Contacts   │  3 Exchange   │   4 Groups    │   5 ★ More
