---
source: tests/snapshot_tests.rs
expression: output
---
Backup & Restore

────────────────────────────────────────────────────────────────────────────────
Enter a password to encrypt your backup (min 8 characters):

────────────────────────────────────────────────────────────────────────────────
┌──────────────────────────────────────────────────────────────────────────────┐
│Password:                                                                     │
└──────────────────────────────────────────────────────────────────────────────┘
┌Strength──────────────────────────────────────────────────────────────────────┐
│                                                                              │
└──────────────────────────────────────────────────────────────────────────────┘
┌──────────────────────────────────────────────────────────────────────────────┐
│Confirm:                                                                      │
└──────────────────────────────────────────────────────────────────────────────┘
────────────────────────────────────────────────────────────────────────────────
[Tab] switch fields  [Enter] export  [Esc] cancel




────────────────────────────────────────────────────────────────────────────────
[e]xport  [i]mport  [esc] back  [?]help
