---
source: tests/snapshot_tests.rs
assertion_line: 141
expression: output
---
Vauchi - Welcome to Vauchi

────────────────────────────────────────────────────────────────────────────────
                                Welcome to Vauchi
                         Privacy-focused contact cards.

┌  ────────────────────────────────────────────────────────────────────────────┐
│                                                                              │
│  [*] Private by design                                                       │
│      Your data is end-to-end encrypted and never leaves your control.        │
│                                                                              │
└──────────────────────────────────────────────────────────────────────────────┘







           [Enter] Create new identity  [h] I already have an identity

────────────────────────────────────────────────────────────────────────────────
[Enter] Create new identity  [h] I already have an identity  [q]uit
