---
source: tests/snapshot_tests.rs
assertion_line: 154
expression: output
---
Vauchi

────────────────────────────────────────────────────────────────────────────────
Hello, Alice Smith!



Public ID: [PUBLIC_ID]...


┌My Card───────────────────────────────────────────────────────────────────────┐
│📧  Work (Email)  alice@company.com                                            │
│📱  Mobile (Phone)  +41 79 123 45 67                                           │
│🌐  Blog (Website)  https://alice.example.com                                  │
│                                                                              │
│                                                                              │
│                                                                              │
│                                                                              │
└──────────────────────────────────────────────────────────────────────────────┘
0 contacts

────────────────────────────────────────────────────────────────────────────────
[c]ontacts  [s]ettings  [g]roups  e[X]change  [a]dd  [e]dit  [x]del  [?]help  [q
