---
source: tests/snapshot_tests.rs
expression: output
---
Sync

────────────────────────────────────────────────────────────────────────────────
┌Connection────────────────────────────────────────────────────────────────────┐
│                                                                              │
│  Relay: wss://relay.vauchi.app                                               │
│  Status: Disconnected                                                        │
│                                                                              │
└──────────────────────────────────────────────────────────────────────────────┘
┌Sync Progress─────────────────────────────────────────────────────────────────┐
│██████████████████████████████████████████████████████████████████████████████│
│██████████████████████████████0 contacts synced ██████████████████████████████│
│██████████████████████████████████████████████████████████████████████████████│
└──────────────────────────────────────────────────────────────────────────────┘
┌Sync Info─────────────────────────────────────────────────────────────────────┐
│                                                                              │
│  Press [s] to start sync                                                     │
│                                                                              │
│  Sync Operations:                                                            │
│  - Connect to relay server                                                   │
└──────────────────────────────────────────────────────────────────────────────┘
────────────────────────────────────────────────────────────────────────────────
[s]ync now  [esc] back  [?]help
