---
source: tests/snapshot_tests.rs
description: "Add field happy path: MyInfo → AddField → MyInfo"
expression: output
---
═══ Step 1 ─ MyInfo — view card fields ═════════════════════
                                   Alice Smith

┌──────────────────────────────────────────────────────────────────────────────┐
│ ▸ Email alice@company.com (Work)                                             │
│   Phone +41 79 123 45 67 (Mobile)                                            │
│   Website https://alice.example.com (Blog)                                   │
└──────────────────────────────────────────────────────────────────────────────┘















[a] Add Entry  [Enter] Group View  [?] help  [Esc] back  [q] quit
   1 Exchange   │  2 ★ MyInfo   │  3 Contacts   │  4 Settings   │    5 Help

═══ Step 2 ─ AddField — press 'a' (Add Entry) ══════════════
                                    Add Entry
                                Select a category

┌──────────────────────────────────────────────────────────────────────────────┐
│ ▸ • Contact  3                                                               │
│   • Social  38                                                               │
│   • Personal  2                                                              │
│   • Custom  1                                                                │
└──────────────────────────────────────────────────────────────────────────────┘













[EDIT]   [Esc] Cancel  [?] help  [Esc] back  [q] quit
   1 Exchange   │  2 ★ MyInfo   │  3 Contacts   │  4 Settings   │    5 Help

═══ Step 3 ─ MyInfo — field saved, return to card ══════════
                                   Alice Smith

┌──────────────────────────────────────────────────────────────────────────────┐
│ ▸ Email alice@company.com (Work)                                             │
│   Phone +41 79 123 45 67 (Mobile)                                            │
│   Website https://alice.example.com (Blog)                                   │
└──────────────────────────────────────────────────────────────────────────────┘















[a] Add Entry  [Enter] Group View  [?] help  [Esc] back  [q] quit
   1 Exchange   │  2 ★ MyInfo   │  3 Contacts   │  4 Settings   │    5 Help
