---
source: tests/snapshot_tests.rs
expression: output
---
Tor Privacy

────────────────────────────────────────────────────────────────────────────────
┌Tor Status────────────────────────────────────────────────────────────────────┐
│                                                                              │
│  Tor Mode:       DISABLED                                                    │
│  Prefer .onion:  no                                                          │
│                                                                              │
└──────────────────────────────────────────────────────────────────────────────┘
┌Configuration─────────────────────────────────────────────────────────────────┐
│                                                                              │
│  Circuit rotation:  600s                                                     │
│  Bridges:           none                                                     │
│                                                                              │
└──────────────────────────────────────────────────────────────────────────────┘
┌Options───────────────────────────────────────────────────────────────────────┐
│                                                                              │
│  Actions:                                                                    │
│                                                                              │
│  [e] Enable Tor mode                                                         │
└──────────────────────────────────────────────────────────────────────────────┘
────────────────────────────────────────────────────────────────────────────────
[e]nable  [d]isable  [o]nion  [n]ew circuit  [x]clear bridges  [esc] back
