---
source: tests/snapshot_tests.rs
assertion_line: 154
expression: output
---
Home

────────────────────────────────────────────────────────────────────────────────
                                      Home

┌ Contacts ────────────────────────────────────────────────────────────────────┐
│  No contacts yet                                                             │
│                                                                              │
└──────────────────────────────────────────────────────────────────────────────┘










                                 [a] Add Contact

────────────────────────────────────────────────────────────────────────────────
[a] Add Contact  [Esc] back  [q]uit
