---
source: tests/snapshot_tests.rs
assertion_line: 279
expression: output
---
Backup & Recovery

────────────────────────────────────────────────────────────────────────────────
                                Backup & Recovery

┌ [B] Protect your data ───────────────────────────────────────────────────────┐
│                                                                              │
│  Backup                                                                      │
│  Create an encrypted backup of your identity and contacts.                   │
└──────────────────────────────────────────────────────────────────────────────┘









                  [Enter] Create Backup  [Enter] Restore Backup

────────────────────────────────────────────────────────────────────────────────
[Enter] Create Backup  [Enter] Restore Backup  [Esc] back  [q]uit
