---
source: tests/snapshot_tests.rs
assertion_line: 199
expression: output
---
Contacts

────────────────────────────────────────────────────────────────────────────────
                                    Contacts

┌ Contacts ────────────────────────────────────────────────────────────────────┐
│  No contacts yet                                                             │
│                                                                              │
└──────────────────────────────────────────────────────────────────────────────┘











                                 [a] Add Contact

[a] Add Contact  [␛] back  [q] quit
    Exchange    │  ★ Contacts   │     Home      │   Settings    │     Help
