---
source: tests/snapshot_screens.rs
description: Settings → select Sync
expression: output
---
                                      Sync

┌ [-] Sync Status ─────────────────────────────────────────────────────────────┐
│                                                                              │
│  [-] Relay                                                                   │
│      wss://relay.vauchi.app                                                  │
│                                                                              │
│  [-] Contacts                                                                │
│      0                                                                       │
│                                                                              │
│  [-] Pending Updates                                                         │
└──────────────────────────────────────────────────────────────────────────────┘










[Enter] Sync Now  [Enter] Test Connection  [?] help  [Esc] back  [q] quit
   1 My Card    │  2 Contacts   │  3 Exchange   │   4 Groups    │   5 ★ More
