---
source: tests/snapshot_screens.rs
description: Settings → select Tor Privacy
expression: output
---
                                   Tor Privacy

┌ [-] Tor Status ──────────────────────────────────────────────────────────────┐
│                                                                              │
│  Status                                                                      │
│  Disabled                                                                    │
└──────────────────────────────────────────────────────────────────────────────┘
┌ Tor Settings ────────────────────────────────────────────────────────────────┐
│ [ ] Enable Tor                                                               │
│     Route all traffic through Tor                                            │
│ [ ] Prefer Onion Services                                                    │
│     Use .onion addresses when available                                      │
└──────────────────────────────────────────────────────────────────────────────┘









[?] help  [Esc] back  [q] quit
   1 My Card    │  2 Contacts   │  3 Exchange   │   4 Groups    │   5 ★ More
