---
source: tests/snapshot_tests.rs
assertion_line: 282
expression: output
---
Sync

────────────────────────────────────────────────────────────────────────────────
                                      Sync

┌ [-] Sync Status ─────────────────────────────────────────────────────────────┐
│                                                                              │
│  [-] Relay                                                                   │
│                                                                              │
│                                                                              │
│  [-] Contacts                                                                │
└──────────────────────────────────────────────────────────────────────────────┘








                    [Enter] Sync Now  [Enter] Test Connection

[E] Sync Now  [E] Test Connection  [␛] back  [q] quit
    Exchange    │   Contacts    │     Home      │  ★ Settings   │     Help
