---
source: tests/snapshot_tests.rs
assertion_line: 388
expression: output
---
Tor Privacy

────────────────────────────────────────────────────────────────────────────────
                                   Tor Privacy

┌ [-] Tor Status ──────────────────────────────────────────────────────────────┐
│                                                                              │
│  Status                                                                      │
│  Disabled                                                                    │
└──────────────────────────────────────────────────────────────────────────────┘
┌ Tor Settings ────────────────────────────────────────────────────────────────┐
│ [ ] Enable Tor                                                               │
│     Route all traffic through Tor                                            │
│ [ ] Prefer Onion Services                                                    │
│     Use .onion addresses when available                                      │
└──────────────────────────────────────────────────────────────────────────────┘






[?] help  [␛] back  [q] quit
    Exchange    │   Contacts    │     Home      │  ★ Settings   │     Help
