---
source: tests/snapshot_screens.rs
description: Settings → select Devices
expression: output
---
                                 [1/4]  ● ○ ○ ○
                                   Link Device

┌ QR Code ─────────────────────────────────────────────────────────────────────┐
│                                                                              │
│  ┌──────────────┐                                                            │
│  │  ▄▄▄▄  ▄▄▄▄ │                                                             │
│  │  █  █  █  █ │                                                             │
│  │  ▀▀▀▀  ▀▀▀▀ │                                                             │
│  └──────────────┘                                                            │
│                                                                              │
│  [PUBLIC_ID]...                                 │
│  Scan on new device                                                          │
│                                                                              │
│                                                                              │
│                                                                              │
│                                                                              │
│                                                                              │
│                                                                              │
│                                                                              │
│                                                                              │
└──────────────────────────────────────────────────────────────────────────────┘
[Esc] Cancel  [?] help  [Esc] back  [q] quit
   1 My Card    │  2 Contacts   │  3 Exchange   │   4 Groups    │   5 ★ More
