---
source: tests/snapshot_tests.rs
assertion_line: 335
expression: output
---
Edit Relay URL

────────────────────────────────────────────────────────────────────────────────


  ┌──────────────────────────────────────────────────────────────────────────┐
  │Current: relay.vauchi.app                                                 │
  └──────────────────────────────────────────────────────────────────────────┘
  ┌New Relay URL─────────────────────────────────────────────────────────────┐
  │wss://relay.vauchi.app                                                    │
  └──────────────────────────────────────────────────────────────────────────┘
  URL must start with wss:// (or ws:// for local dev)









────────────────────────────────────────────────────────────────────────────────
[enter] save  [esc] cancel
