---
source: tests/snapshot_tests.rs
description: "MyInfo → press 'a' (Add Entry)"
expression: output
---
                                    Add Entry
                                Select a category

┌──────────────────────────────────────────────────────────────────────────────┐
│ ▸ • Contact  3                                                               │
│   • Social  38                                                               │
│   • Personal  2                                                              │
│   • Custom  1                                                                │
└──────────────────────────────────────────────────────────────────────────────┘













[EDIT]   [Esc] Cancel  [?] help  [Esc] back  [q] quit
   1 Exchange   │  2 ★ MyInfo   │  3 Contacts   │  4 Settings   │    5 Help
