---
source: tests/snapshot_tests.rs
expression: output
---
Devices

────────────────────────────────────────────────────────────────────────────────
┌Device Info───────────────────────────────────┐┌Actions───────────────────────┐
│                                              ││                              │
│Devices: 1                                    ││[l] Generate link code        │
│                                              ││[r] Revoke selected device    │
│Manage linked devices for this identity       ││                              │
└──────────────────────────────────────────────┘└──────────────────────────────┘
┌Linked Devices────────────────────────────────────────────────────────────────┐
│› 1. This Device [this device]  ([DEVICE_KEY]...)                                 │
│                                                                              │
│                                                                              │
│                                                                              │
│                                                                              │
│                                                                              │
│                                                                              │
└──────────────────────────────────────────────────────────────────────────────┘
────────────────────────────────────────────────────────────────────────────────
                  j/↓ Down  k/↑ Up  l Link  r Revoke  Esc Back

────────────────────────────────────────────────────────────────────────────────
[j/k] navigate  [l]ink new device  [esc] back  [?]help
