---
source: tests/snapshot_tests.rs
assertion_line: 211
expression: output
---
Settings

────────────────────────────────────────────────────────────────────────────────
                                    Settings

┌ Profile ─────────────────────────────────────────────────────────────────────┐
│  Display Name  Alice Smith                                                   │
│  Edit Profile  →                                                             │
└──────────────────────────────────────────────────────────────────────────────┘
┌ Privacy ─────────────────────────────────────────────────────────────────────┐
│  Delivery Receipts  [x]                                                      │
└──────────────────────────────────────────────────────────────────────────────┘
┌ Security ────────────────────────────────────────────────────────────────────┐
│  Change Password  →                                                          │
│  Devices  1 device(s)                                                        │
└──────────────────────────────────────────────────────────────────────────────┘
┌ Network ─────────────────────────────────────────────────────────────────────┐
│  Relay URL                                                                   │
└──────────────────────────────────────────────────────────────────────────────┘
┌ Danger Zone ─────────────────────────────────────────────────────────────────┐
│  Emergency Wipe  Wipe All Data                                               │
└──────────────────────────────────────────────────────────────────────────────┘
[?] help  [␛] back  [q] quit
    Exchange    │   Contacts    │     Home      │  ★ Settings   │     Help
