---
source: tests/snapshot_tests.rs
expression: output
---
Backup & Restore

────────────────────────────────────────────────────────────────────────────────
Paste your backup data and enter the password used to create it:

────────────────────────────────────────────────────────────────────────────────
┌──────────────────────────────────────────────────────────────────────────────┐
│Backup data:                                                                  │
│                                                                              │
│                                                                              │
└──────────────────────────────────────────────────────────────────────────────┘
┌──────────────────────────────────────────────────────────────────────────────┐
│Password:                                                                     │
└──────────────────────────────────────────────────────────────────────────────┘
────────────────────────────────────────────────────────────────────────────────
[Tab] switch fields  [Enter] import  [Esc] cancel





────────────────────────────────────────────────────────────────────────────────
[e]xport  [i]mport  [esc] back  [?]help
