---
source: tests/snapshot_tests.rs
assertion_line: 230
expression: output
---
Sync

────────────────────────────────────────────────────────────────────────────────
┌Connection────────────────────────────────────────────────────────────────────┐
│                                                                              │
│  Relay: wss://relay.vauchi.app                                               │
│  Status: Disconnected                                                        │
│  Privacy: Tor: OFF                                                           │
│                                                                              │
│                                                                              │
└──────────────────────────────────────────────────────────────────────────────┘
┌Sync Progress─────────────────────────────────────────────────────────────────┐
│██████████████████████████████████████████████████████████████████████████████│
│██████████████████████████████0 contacts synced ██████████████████████████████│
│██████████████████████████████████████████████████████████████████████████████│
└──────────────────────────────────────────────────────────────────────────────┘
┌Sync Info─────────────────────────────────────────────────────────────────────┐
│                                                                              │
│  Press [s] to start sync                                                     │
│                                                                              │
└──────────────────────────────────────────────────────────────────────────────┘
────────────────────────────────────────────────────────────────────────────────
[s]ync now  [t]est connection  [r]efresh pending  [esc] back  [?]help
