---
source: tests/snapshot_tests.rs
assertion_line: 223
expression: output
---
Help & FAQ

────────────────────────────────────────────────────────────────────────────────
                                   Help & FAQ

┌──────────────────────────────────────────────────────────────────────────────┐
│  • How do I add a contact?                                                   │
│  • How do I create a backup?                                                 │
│  • How do I exchange contact cards?                                          │
└──────────────────────────────────────────────────────────────────────────────┘
┌──────────────────────────────────────────────────────────────────────────────┐
│  • What is end-to-end encryption?                                            │
│  • How does social recovery work?                                            │
└──────────────────────────────────────────────────────────────────────────────┘
┌──────────────────────────────────────────────────────────────────────────────┐
│  • How does Tor routing protect my privacy?                                  │
└──────────────────────────────────────────────────────────────────────────────┘





[␛] back  [q] quit
    Exchange    │   Contacts    │     Home      │   Settings    │    ★ Help
