---
source: tests/snapshot_tests.rs
expression: output
---
Edit Display Name

────────────────────────────────────────────────────────────────────────────────


  ┌──────────────────────────────────────────────────────────────────────────┐
  │Current: Alice Smith                                                      │
  └──────────────────────────────────────────────────────────────────────────┘
  ┌New Display Name──────────────────────────────────────────────────────────┐
  │Alice Smith                                                               │
  └──────────────────────────────────────────────────────────────────────────┘










────────────────────────────────────────────────────────────────────────────────
[enter] save  [esc] cancel
