---
source: tests/snapshot_tests.rs
expression: output
---
Edit Display Name

────────────────────────────────────────────────────────────────────────────────
                                Edit Display Name

Display Name
┌ ✎ editing ───────────────────────────────────────────────────────────────────┐
│Alice Smith█                                                                  │
└──────────────────────────────────────────────────────────────────────────────┘











                           [Enter] Save  [Esc] Cancel

[E] Save  [E] Cancel  [?] help  [␛] back  [q] quit
    Exchange    │   ★ MyInfo    │   Contacts    │   Settings    │     Help
