---
source: tests/snapshot_tests.rs
expression: output
---
                                    Contacts

┌ Contacts ────────────────────────────────────────────────────────────────────┐
│ AN Ahmed Nikolaus  +1-203-107-1013                                           │
│                                                                              │
└──────────────────────────────────────────────────────────────────────────────┘














               [a] Add Contact  [g] Family  [g] Friends  [g] Work

[a] Add Contact  [g] Family  [g] Friends  [g] Work  [?] help  [Esc] back
    Exchange    │    MyInfo     │  ★ Contacts   │   Settings    │     Help
