---
source: tests/snapshot_tests.rs
description: "Exchange happy path: MyInfo → Exchange QR → Contacts"
expression: output
---
═══ Step 1 ─ MyInfo — home screen ══════════════════════════
                                   Alice Smith

┌───────────────────────────────────────────────────── Group Visibility ───────┐
│ ▸ Email alice@company.com (Work)                     Friends, CoWorkers      │
│   Phone +41 79 123 45 67 (Mobile)                    Family                  │
│   Website https://alice.example.com (Blog)           Friends                 │
└──────────────────────────────────────────────────────────────────────────────┘















[a] Add Entry  [Enter] Group View  [?] help  [Esc] back  [q] quit
   1 Exchange   │  2 ★ MyInfo   │  3 Contacts   │  4 Settings   │    5 Help


═══ Step 2 ─ Exchange — press '1' (Exchange tab) ═══════════
                               [2/6]  ○ ● ○ ○ ○ ○
                      Preselect group membership for new contact



┌ Groups ──────────────────────────────────────────────────────────────────────┐
│ [x] Family                                                                   │                                                │
│ [ ] Friends                                                                  │
│ [ ] Co-workers                                                               │
└──────────────────────────────────────────────────────────────────────────────┘
┌── My Info I will share ──────────────────────────────────────────────────────┐
│ ▸ Email alice@company.com (Work)                                             │
│   Phone +41 79 123 45 67 (Mobile)                                            │
│   Website https://alice.example.com (Blog)                                   │
└──────────────────────────────────────────────────────────────────────────────┘


═══ Step 3 ─ Exchange — press 'enter' (Exchange tab) ═══════════
                               [2/6]  ○ ● ○ ○ ○ ○
                                 Share Your Code

┌ QR Code ─────────────────────────────────────────────────────────────────────┐
│                                                                              │
│  ┌──────────────┐                                                            │
│  │  ▄▄▄▄  ▄▄▄▄ │                                                             │
│  │  █  █  █  █ │                                                             │
│  │  ▀▀▀▀  ▀▀▀▀ │                                                             │
│  └──────────────┘                                                            │
│                                                                              │
│  [PUBLIC_ID]...                                                              │
│  Alice Smith                                                                 │
│                                                                              │
│                                                                              │
│                                                                              │
│                                                                              │
│                                                                              │
│                                                                              │
│                                                                              │
│                                                                              │
└──────────────────────────────────────────────────────────────────────────────┘
           [Enter] Scan Their Code  [?] help  [Esc] back  [q] quit
  1 ★ Exchange  │   2 MyInfo    │  3 Contacts   │  4 Settings   │    5 Help

═══ Step 4 ─ Contacts — press '3' (view exchanged contacts) 
                                    Contacts

┌ Contacts ──────────────────────────────────────────────────Groups────────────┐
│  New Contact                                               Family            │
│                                                                              │
└─────────────────────────────────────────────────────────────────────────────







                      [?] help  [Esc] back  [q] quit
   1 Exchange   │   2 MyInfo    │ 3 ★ Contacts  │  4 Settings   │    5 Help
