---
source: tests/snapshot_screens.rs
description: "MyInfo → press '3' (Contacts tab)"
expression: output
---
                                    Contacts

┌ Contacts ────────────────────────────────────────────────────────────────────┐
│  No contacts yet. Use Exchange to add one.                                   │
│                                                                              │
└──────────────────────────────────────────────────────────────────────────────┘
















[a] Add Contact  [?] help  [Esc] back  [q] quit
   1 My Card    │ 2 ★ Contacts  │  3 Exchange   │   4 Groups    │    5 More
