---
source: tests/snapshot_tests.rs
expression: output
---
Edit Relay URL

────────────────────────────────────────────────────────────────────────────────
                                 Edit Relay URL

Relay URL
┌ ✎ editing ───────────────────────────────────────────────────────────────────┐
│wss://relay.vauchi.app█                                                       │
└──────────────────────────────────────────────────────────────────────────────┘










                           [Enter] Save  [Esc] Cancel

────────────────────────────────────────────────────────────────────────────────
[Enter] Save  [Esc] Cancel  [Esc] back  [q]uit
