---
source: tests/snapshot_tests.rs
expression: output
---
                                    Contacts

┌ Contacts ────────────────────────────────────────────────────────────────────┐
│ AS Abigale Schroeder  +1-200-100-1000                                        │
│ AN Ahmed Nikolaus  +1-203-107-1013                                           │
│ AD Andreanne Doyle  +1-206-114-1026                                          │
└──────────────────────────────────────────────────────────────────────────────┘












      [a] Add Contact  [g] Family  [g] Friends  [g] Work  [g] All Contacts

 Filter: Family
[a] Add Contact  [g] Family  [g] Friends  [g] Work  [g] All Contacts  [?] help
    Exchange    │    MyInfo     │  ★ Contacts   │   Settings    │     Help
