---
source: src/ui/widget_snapshots.rs
expression: buffer_to_string(&buf)
---
 Family | Coworkers                               
                                                  
┌ Card Preview ──────────────────────────────────┐
│                                                │
│  A. Smith                                      │
│                                                │
│  [E] Work (Email): asmith@corp.com             │
│                                                │
│                                                │
│                                                │
│                                                │
└────────────────────────────────────────────────┘
