---
source: src/ui/widget_snapshots.rs
expression: buffer_to_string(&buf)
---
┌ Contact fields ────────────────────────────────────────────────────┐
│Type       Label           Value                  Visibility        │
│                                                                    │
│Email      Personal        alice@example.com      Shown             │
│Phone      Mobile          +41 79 123 45 67       Hidden            │
│                                                                    │
│                                                                    │
│                                                                    │
│                                                                    │
└────────────────────────────────────────────────────────────────────┘
